Archive member included to satisfy reference by file (symbol)

libbb/lib.a(appletlib.o)      /home/student/Desktop/yocto_pynq/Yocto_project_pynq_board/build/tmp/work/cortexa9hf-neon-poky-linux-gnueabi/busybox/1.24.1-r0/recipe-sysroot/usr/lib/crt1.o (main)
libbb/lib.a(compare_string_array.o)
                              libbb/lib.a(appletlib.o) (is_prefixed_with)
libbb/lib.a(default_error_retval.o)
                              libbb/lib.a(appletlib.o) (xfunc_error_retval)
libbb/lib.a(get_last_path_component.o)
                              libbb/lib.a(appletlib.o) (bb_basename)
libbb/lib.a(last_char_is.o)   libbb/lib.a(get_last_path_component.o) (last_char_is)
libbb/lib.a(llist.o)          libbb/lib.a(appletlib.o) (llist_free)
libbb/lib.a(messages.o)       libbb/lib.a(appletlib.o) (bb_banner)
libbb/lib.a(perror_msg.o)     libbb/lib.a(appletlib.o) (bb_perror_msg_and_die)
libbb/lib.a(ptr_to_globals.o)
                              libbb/lib.a(appletlib.o) (bb_errno)
libbb/lib.a(skip_whitespace.o)
                              libbb/lib.a(appletlib.o) (skip_whitespace)
libbb/lib.a(verror_msg.o)     libbb/lib.a(perror_msg.o) (bb_verror_msg)
libbb/lib.a(wfopen.o)         libbb/lib.a(appletlib.o) (fopen_for_read)
libbb/lib.a(xfunc_die.o)      libbb/lib.a(appletlib.o) (xfunc_die)
libbb/lib.a(xfuncs.o)         libbb/lib.a(appletlib.o) (full_write2_str)
libbb/lib.a(xfuncs_printf.o)  libbb/lib.a(appletlib.o) (malloc_or_warn)
libbb/lib.a(copyfd.o)         libbb/lib.a(xfuncs_printf.o) (bb_copyfd_eof)
libbb/lib.a(full_write.o)     libbb/lib.a(verror_msg.o) (full_write)
libbb/lib.a(read.o)           libbb/lib.a(copyfd.o) (safe_read)
libbb/lib.a(safe_write.o)     libbb/lib.a(full_write.o) (safe_write)
libbb/lib.a(time.o)           libbb/lib.a(xfuncs_printf.o) (monotonic_us)
libbb/lib.a(bb_strtonum.o)    libbb/lib.a(time.o) (bb_strtol)
libpwdgrp/lib.a(uidgid_get.o)
                              libbb/lib.a(appletlib.o) (get_uidgid)
loginutils/lib.a(addgroup.o)  libbb/lib.a(appletlib.o) (addgroup_main)
loginutils/lib.a(adduser.o)   libbb/lib.a(appletlib.o) (adduser_main)
loginutils/lib.a(deluser.o)   libbb/lib.a(appletlib.o) (deluser_main)
loginutils/lib.a(getty.o)     libbb/lib.a(appletlib.o) (getty_main)
loginutils/lib.a(sulogin.o)   libbb/lib.a(appletlib.o) (sulogin_main)
miscutils/lib.a(chrt.o)       libbb/lib.a(appletlib.o) (chrt_main)
miscutils/lib.a(dc.o)         libbb/lib.a(appletlib.o) (dc_main)
miscutils/lib.a(less.o)       libbb/lib.a(appletlib.o) (less_main)
miscutils/lib.a(microcom.o)   libbb/lib.a(appletlib.o) (microcom_main)
miscutils/lib.a(rfkill.o)     libbb/lib.a(appletlib.o) (rfkill_main)
miscutils/lib.a(strings.o)    libbb/lib.a(appletlib.o) (strings_main)
miscutils/lib.a(time.o)       libbb/lib.a(appletlib.o) (time_main)
modutils/lib.a(depmod.o)      libbb/lib.a(appletlib.o) (depmod_main)
modutils/lib.a(insmod.o)      libbb/lib.a(appletlib.o) (insmod_main)
modutils/lib.a(lsmod.o)       libbb/lib.a(appletlib.o) (lsmod_main)
modutils/lib.a(modinfo.o)     libbb/lib.a(appletlib.o) (modinfo_main)
modutils/lib.a(modprobe.o)    libbb/lib.a(appletlib.o) (modprobe_main)
modutils/lib.a(modutils.o)    modutils/lib.a(modprobe.o) (replace)
modutils/lib.a(rmmod.o)       libbb/lib.a(appletlib.o) (rmmod_main)
networking/lib.a(hostname.o)  libbb/lib.a(appletlib.o) (hostname_main)
networking/lib.a(ifconfig.o)  libbb/lib.a(appletlib.o) (ifconfig_main)
networking/lib.a(ifupdown.o)  libbb/lib.a(appletlib.o) (ifupdown_main)
networking/lib.a(interface.o)
                              networking/lib.a(ifconfig.o) (in_ib)
networking/lib.a(ip.o)        libbb/lib.a(appletlib.o) (ip_main)
networking/lib.a(nc.o)        libbb/lib.a(appletlib.o) (nc_main)
networking/lib.a(netstat.o)   libbb/lib.a(appletlib.o) (netstat_main)
networking/lib.a(nslookup.o)  libbb/lib.a(appletlib.o) (nslookup_main)
networking/lib.a(route.o)     networking/lib.a(netstat.o) (bb_displayroutes)
networking/lib.a(telnet.o)    libbb/lib.a(appletlib.o) (telnet_main)
networking/lib.a(tftp.o)      libbb/lib.a(appletlib.o) (tftp_main)
networking/lib.a(wget.o)      libbb/lib.a(appletlib.o) (wget_main)
networking/libiproute/lib.a(ip_parse_common_args.o)
                              networking/lib.a(ip.o) (ip_parse_common_args)
networking/libiproute/lib.a(ipaddress.o)
                              networking/lib.a(ip.o) (do_ipaddr)
networking/libiproute/lib.a(iplink.o)
                              networking/lib.a(ip.o) (do_iplink)
networking/libiproute/lib.a(iproute.o)
                              networking/lib.a(ip.o) (do_iproute)
networking/libiproute/lib.a(iptunnel.o)
                              networking/lib.a(ip.o) (do_iptunnel)
networking/libiproute/lib.a(libnetlink.o)
                              networking/libiproute/lib.a(ipaddress.o) (xrtnl_open)
networking/libiproute/lib.a(ll_addr.o)
                              networking/libiproute/lib.a(ipaddress.o) (ll_addr_n2a)
networking/libiproute/lib.a(ll_map.o)
[...]
Memory Configuration

Name             Origin             Length             Attributes
*default*        0x0000000000000000 0xffffffffffffffff

Linker script and memory map

LOAD /home/student/Desktop/yocto_pynq/Yocto_project_pynq_board/build/tmp/work/cortexa9hf-neon-poky-linux-gnueabi/busybox/1.24.1-r0/recipe-sysroot/usr/lib/crt1.o
LOAD /home/student/Desktop/yocto_pynq/Yocto_project_pynq_board/build/tmp/work/cortexa9hf-neon-poky-linux-gnueabi/busybox/1.24.1-r0/recipe-sysroot/usr/lib/crti.o
LOAD /home/student/Desktop/yocto_pynq/Yocto_project_pynq_board/build/tmp/work/cortexa9hf-neon-poky-linux-gnueabi/busybox/1.24.1-r0/recipe-sysroot/usr/lib/arm-poky-linux-gnueabi/7.3.0/crtbegin.o
START GROUP
LOAD applets/built-in.o
LOAD archival/lib.a
LOAD archival/libarchive/lib.a
LOAD console-tools/lib.a
LOAD coreutils/lib.a
LOAD coreutils/libcoreutils/lib.a
LOAD debianutils/lib.a
LOAD e2fsprogs/lib.a
LOAD editors/lib.a
LOAD findutils/lib.a
LOAD init/lib.a
LOAD libbb/lib.a
LOAD libpwdgrp/lib.a
LOAD loginutils/lib.a
LOAD mailutils/lib.a
LOAD miscutils/lib.a
LOAD modutils/lib.a
LOAD networking/lib.a
LOAD networking/libiproute/lib.a
LOAD networking/udhcp/lib.a
LOAD printutils/lib.a
LOAD procps/lib.a
LOAD runit/lib.a
LOAD selinux/lib.a
LOAD shell/lib.a
LOAD sysklogd/lib.a
LOAD util-linux/lib.a
LOAD util-linux/volume_id/lib.a
LOAD archival/built-in.o
LOAD archival/libarchive/built-in.o
LOAD console-tools/built-in.o
LOAD coreutils/built-in.o
LOAD coreutils/libcoreutils/built-in.o
LOAD debianutils/built-in.o
LOAD e2fsprogs/built-in.o
LOAD editors/built-in.o
LOAD findutils/built-in.o
LOAD init/built-in.o
LOAD libbb/built-in.o
LOAD libpwdgrp/built-in.o
LOAD loginutils/built-in.o
LOAD mailutils/built-in.o
LOAD miscutils/built-in.o
LOAD modutils/built-in.o
LOAD networking/built-in.o
LOAD networking/libiproute/built-in.o
LOAD networking/udhcp/built-in.o
LOAD printutils/built-in.o
LOAD procps/built-in.o
LOAD runit/built-in.o
LOAD selinux/built-in.o
LOAD shell/built-in.o
LOAD sysklogd/built-in.o
LOAD util-linux/built-in.o
LOAD util-linux/volume_id/built-in.o
END GROUP
START GROUP
LOAD /home/student/Desktop/yocto_pynq/Yocto_project_pynq_board/build/tmp/work/cortexa9hf-neon-poky-linux-gnueabi/busybox/1.24.1-r0/recipe-sysroot/usr/lib/libm.so
END GROUP
LOAD /home/student/Desktop/yocto_pynq/Yocto_project_pynq_board/build/tmp/work/cortexa9hf-neon-poky-linux-gnueabi/busybox/1.24.1-r0/recipe-sysroot/usr/lib/arm-poky-linux-gnueabi/7.3.0/libgcc.a
LOAD /home/student/Desktop/yocto_pynq/Yocto_project_pynq_board/build/tmp/work/cortexa9hf-neon-poky-linux-gnueabi/busybox/1.24.1-r0/recipe-sysroot/usr/lib/arm-poky-linux-gnueabi/7.3.0/libgcc_eh.a
LOAD /home/student/Desktop/yocto_pynq/Yocto_project_pynq_board/build/tmp/work/cortexa9hf-neon-poky-linux-gnueabi/busybox/1.24.1-r0/recipe-sysroot/usr/lib/libc.so
START GROUP
LOAD /home/student/Desktop/yocto_pynq/Yocto_project_pynq_board/build/tmp/work/cortexa9hf-neon-poky-linux-gnueabi/busybox/1.24.1-r0/recipe-sysroot/lib/libc.so.6
LOAD /home/student/Desktop/yocto_pynq/Yocto_project_pynq_board/build/tmp/work/cortexa9hf-neon-poky-linux-gnueabi/busybox/1.24.1-r0/recipe-sysroot/usr/lib/libc_nonshared.a
LOAD /home/student/Desktop/yocto_pynq/Yocto_project_pynq_board/build/tmp/work/cortexa9hf-neon-poky-linux-gnueabi/busybox/1.24.1-r0/recipe-sysroot/lib/ld-linux-armhf.so.3
END GROUP
LOAD /home/student/Desktop/yocto_pynq/Yocto_project_pynq_board/build/tmp/work/cortexa9hf-neon-poky-linux-gnueabi/busybox/1.24.1-r0/recipe-sysroot/usr/lib/arm-poky-linux-gnueabi/7.3.0/libgcc.a
LOAD /home/student/Desktop/yocto_pynq/Yocto_project_pynq_board/build/tmp/work/cortexa9hf-neon-poky-linux-gnueabi/busybox/1.24.1-r0/recipe-sysroot/usr/lib/arm-poky-linux-gnueabi/7.3.0/libgcc_eh.a
LOAD /home/student/Desktop/yocto_pynq/Yocto_project_pynq_board/build/tmp/work/cortexa9hf-neon-poky-linux-gnueabi/busybox/1.24.1-r0/recipe-sysroot/usr/lib/arm-poky-linux-gnueabi/7.3.0/crtend.o
LOAD /home/student/Desktop/yocto_pynq/Yocto_project_pynq_board/build/tmp/work/cortexa9hf-neon-poky-linux-gnueabi/busybox/1.24.1-r0/recipe-sysroot/usr/lib/crtn.o
                [!provide]                        PROVIDE (__executable_start, SEGMENT_START ("text-segment", 0x10000))
                0x0000000000010154                . = (SEGMENT_START ("text-segment", 0x10000) + SIZEOF_HEADERS)

.interp         0x0000000000010154       0x19
 *(SORT(.interp))
 .interp        0x0000000000010154       0x19 /home/student/Desktop/yocto_pynq/Yocto_project_pynq_board/build/tmp/work/cortexa9hf-neon-poky-linux-gnueabi/busybox/1.24.1-r0/recipe-sysroot/usr/lib/crt1.o

.note.ABI-tag   0x0000000000010170       0x20
 .note.ABI-tag  0x0000000000010170       0x20 /home/student/Desktop/yocto_pynq/Yocto_project_pynq_board/build/tmp/work/cortexa9hf-neon-poky-linux-gnueabi/busybox/1.24.1-r0/recipe-sysroot/usr/lib/crt1.o

.note.gnu.build-id
                0x0000000000010190       0x24
 *(SORT(.note.gnu.build-id))
 .note.gnu.build-id
                0x0000000000010190       0x24 linker stubs

.hash
 *(SORT(.hash))

.gnu.hash       0x00000000000101b4      0xca4
 *(SORT(.gnu.hash))
 .gnu.hash      0x00000000000101b4      0xca4 /home/student/Desktop/yocto_pynq/Yocto_project_pynq_board/build/tmp/work/cortexa9hf-neon-poky-linux-gnueabi/busybox/1.24.1-r0/recipe-sysroot/usr/lib/crt1.o

.dynsym         0x0000000000010e58     0x1460
 *(SORT(.dynsym))
 .dynsym        0x0000000000010e58     0x1460 /home/student/Desktop/yocto_pynq/Yocto_project_pynq_board/build/tmp/work/cortexa9hf-neon-poky-linux-gnueabi/busybox/1.24.1-r0/recipe-sysroot/usr/lib/crt1.o

.dynstr         0x00000000000122b8      0xa80
 *(SORT(.dynstr))
 .dynstr        0x00000000000122b8      0xa80 /home/student/Desktop/yocto_pynq/Yocto_project_pynq_board/build/tmp/work/cortexa9hf-neon-poky-linux-gnueabi/busybox/1.24.1-r0/recipe-sysroot/usr/lib/crt1.o

.gnu.version    0x0000000000012d38      0x28c
 *(SORT(.gnu.version))
 .gnu.version   0x0000000000012d38      0x28c /home/student/Desktop/yocto_pynq/Yocto_project_pynq_board/build/tmp/work/cortexa9hf-neon-poky-linux-gnueabi/busybox/1.24.1-r0/recipe-sysroot/usr/lib/crt1.o

.gnu.version_d  0x0000000000012fc4        0x0
 *(SORT(.gnu.version_d))
 .gnu.version_d
                0x0000000000012fc4        0x0 /home/student/Desktop/yocto_pynq/Yocto_project_pynq_board/build/tmp/work/cortexa9hf-neon-poky-linux-gnueabi/busybox/1.24.1-r0/recipe-sysroot/usr/lib/crt1.o

.gnu.version_r  0x0000000000012fc4       0x40
 *(SORT(.gnu.version_r))
 .gnu.version_r
                0x0000000000012fc4       0x40 /home/student/Desktop/yocto_pynq/Yocto_project_pynq_board/build/tmp/work/cortexa9hf-neon-poky-linux-gnueabi/busybox/1.24.1-r0/recipe-sysroot/usr/lib/crt1.o

.rel.dyn        0x0000000000013004       0x48
 *(SORT(.rel.init))
 *(SORT(.rel.text) SORT(.rel.text.*) SORT(.rel.gnu.linkonce.t.*))
 *(SORT(.rel.fini))
 *(SORT(.rel.rodata) SORT(.rel.rodata.*) SORT(.rel.gnu.linkonce.r.*))
 *(SORT(.rel.data.rel.ro) SORT(.rel.data.rel.ro.*) SORT(.rel.gnu.linkonce.d.rel.ro.*))
 .rel.data.rel.ro
                0x0000000000013004        0x0 /home/student/Desktop/yocto_pynq/Yocto_project_pynq_board/build/tmp/work/cortexa9hf-neon-poky-linux-gnueabi/busybox/1.24.1-r0/recipe-sysroot/usr/lib/crt1.o
 *(SORT(.rel.data) SORT(.rel.data.*) SORT(.rel.gnu.linkonce.d.*))
 *(SORT(.rel.tdata) SORT(.rel.tdata.*) SORT(.rel.gnu.linkonce.td.*))
 *(SORT(.rel.tbss) SORT(.rel.tbss.*) SORT(.rel.gnu.linkonce.tb.*))
 *(SORT(.rel.ctors))
 *(SORT(.rel.dtors))
 *(SORT(.rel.got))
 .rel.got       0x0000000000013004        0x8 /home/student/Desktop/yocto_pynq/Yocto_project_pynq_board/build/tmp/work/cortexa9hf-neon-poky-linux-gnueabi/busybox/1.24.1-r0/recipe-sysroot/usr/lib/crt1.o
 *(SORT(.rel.bss) SORT(.rel.bss.*) SORT(.rel.gnu.linkonce.b.*))
 .rel.bss       0x000000000001300c       0x40 /home/student/Desktop/yocto_pynq/Yocto_project_pynq_board/build/tmp/work/cortexa9hf-neon-poky-linux-gnueabi/busybox/1.24.1-r0/recipe-sysroot/usr/lib/crt1.o
                [!provide]                        PROVIDE (__rel_iplt_start, .)
 *(SORT(.rel.iplt))
 .rel.iplt      0x000000000001304c        0x0 /home/student/Desktop/yocto_pynq/Yocto_project_pynq_board/build/tmp/work/cortexa9hf-neon-poky-linux-gnueabi/busybox/1.24.1-r0/recipe-sysroot/usr/lib/crt1.o
                [!provide]                        PROVIDE (__rel_iplt_end, .)

.rela.dyn       0x000000000001304c        0x0
 *(SORT(.rela.init))
 *(SORT(.rela.text) SORT(.rela.text.*) SORT(.rela.gnu.linkonce.t.*))
 *(SORT(.rela.fini))
 *(SORT(.rela.rodata) SORT(.rela.rodata.*) SORT(.rela.gnu.linkonce.r.*))
 *(SORT(.rela.data) SORT(.rela.data.*) SORT(.rela.gnu.linkonce.d.*))
 *(SORT(.rela.tdata) SORT(.rela.tdata.*) SORT(.rela.gnu.linkonce.td.*))
 *(SORT(.rela.tbss) SORT(.rela.tbss.*) SORT(.rela.gnu.linkonce.tb.*))
 *(SORT(.rela.ctors))
 *(SORT(.rela.dtors))
 *(SORT(.rela.got))
 *(SORT(.rela.bss) SORT(.rela.bss.*) SORT(.rela.gnu.linkonce.b.*))
                [!provide]                        PROVIDE (__rela_iplt_start, .)
 *(SORT(.rela.iplt))
                [!provide]                        PROVIDE (__rela_iplt_end, .)

.rel.plt        0x000000000001304c      0x9c8
 *(SORT(.rel.plt))
 .rel.plt       0x000000000001304c      0x9c8 /home/student/Desktop/yocto_pynq/Yocto_project_pynq_board/build/tmp/work/cortexa9hf-neon-poky-linux-gnueabi/busybox/1.24.1-r0/recipe-sysroot/usr/lib/crt1.o

.rela.plt
 *(SORT(.rela.plt))

.init           0x0000000000013a14        0xc
 *(SORT(.init))
 .init          0x0000000000013a14        0x8 /home/student/Desktop/yocto_pynq/Yocto_project_pynq_board/build/tmp/work/cortexa9hf-neon-poky-linux-gnueabi/busybox/1.24.1-r0/recipe-sysroot/usr/lib/crti.o
                0x0000000000013a14                _init
 .init          0x0000000000013a1c        0x4 /home/student/Desktop/yocto_pynq/Yocto_project_pynq_board/build/tmp/work/cortexa9hf-neon-poky-linux-gnueabi/busybox/1.24.1-r0/recipe-sysroot/usr/lib/crtn.o

.plt            0x0000000000013a20      0xec0
 *(SORT(.plt))
 .plt           0x0000000000013a20      0xec0 /home/student/Desktop/yocto_pynq/Yocto_project_pynq_board/build/tmp/work/cortexa9hf-neon-poky-linux-gnueabi/busybox/1.24.1-r0/recipe-sysroot/usr/lib/crt1.o
                0x0000000000013a34                fdopen@@GLIBC_2.4
                0x0000000000013a40                sched_get_priority_min@@GLIBC_2.4
                0x0000000000013a4c                endgrent@@GLIBC_2.4
                0x0000000000013a58                fputs_unlocked@@GLIBC_2.4
                0x0000000000013a64                strstr@@GLIBC_2.4
                0x0000000000013a70                raise@@GLIBC_2.4
                0x0000000000013a7c                lutimes@@GLIBC_2.4
                0x0000000000013a88                cfmakeraw@@GLIBC_2.4
                0x0000000000013a94                vasprintf@@GLIBC_2.4
                0x0000000000013aa0                sendfile64@@GLIBC_2.4
                0x0000000000013aac                gmtime_r@@GLIBC_2.4
                0x0000000000013ab8                log@@GLIBC_2.4
                0x0000000000013ac4                strverscmp@@GLIBC_2.4
                0x0000000000013ad0                __getdelim@@GLIBC_2.4
                0x0000000000013adc                inet_aton@@GLIBC_2.4
                0x0000000000013ae8                getpwnam@@GLIBC_2.4
                0x0000000000013af4                fsync@@GLIBC_2.4
                0x0000000000013b00                setbuf@@GLIBC_2.4
                0x0000000000013b0c                __res_init@@GLIBC_2.4
                0x0000000000013b18                strcasestr@@GLIBC_2.4
                0x0000000000013b24                strcmp@@GLIBC_2.4
                0x0000000000013b30                strtol@@GLIBC_2.4
                0x0000000000013b3c                getpwuid@@GLIBC_2.4
                0x0000000000013b48                setsockopt@@GLIBC_2.4
                0x0000000000013b54                strcspn@@GLIBC_2.4
                0x0000000000013b60                times@@GLIBC_2.4
                0x0000000000013b6c                dprintf@@GLIBC_2.4
                0x0000000000013b78                clearenv@@GLIBC_2.4
                0x0000000000013b84                printf@@GLIBC_2.4
                0x0000000000013b90                hstrerror@@GLIBC_2.4
                0x0000000000013b9c                regerror@@GLIBC_2.4
                0x0000000000013ba8                setrlimit64@@GLIBC_2.4
                0x0000000000013bb4                read@@GLIBC_2.4
                0x0000000000013bc0                tcflush@@GLIBC_2.4
                0x0000000000013bcc                mktime@@GLIBC_2.4
                0x0000000000013bd8                longjmp@@GLIBC_2.4
                0x0000000000013be4                fflush@@GLIBC_2.4
                0x0000000000013bf0                getuid@@GLIBC_2.4
                0x0000000000013bfc                sigprocmask@@GLIBC_2.4
                0x0000000000013c08                _setjmp@@GLIBC_2.4
                0x0000000000013c14                memmove@@GLIBC_2.4
                0x0000000000013c20                strchrnul@@GLIBC_2.4
                0x0000000000013c2c                free@@GLIBC_2.4
                0x0000000000013c38                nanosleep@@GLIBC_2.4
                0x0000000000013c44                ferror@@GLIBC_2.4
                0x0000000000013c50                inet_pton@@GLIBC_2.4
                0x0000000000013c5c                _exit@@GLIBC_2.4
                0x0000000000013c68                __res_state@@GLIBC_2.4
                0x0000000000013c74                pututxline@@GLIBC_2.4
                0x0000000000013c80                memcpy@@GLIBC_2.4
                0x0000000000013c8c                tcsendbreak@@GLIBC_2.4
                0x0000000000013c98                pivot_root@@GLIBC_2.4
                0x0000000000013ca4                execvp@@GLIBC_2.4
                0x0000000000013cb0                execlp@@GLIBC_2.4
                0x0000000000013cbc                shmget@@GLIBC_2.4
                0x0000000000013cc8                signal@@GLIBC_2.4
                0x0000000000013cd4                time@@GLIBC_2.4
                0x0000000000013ce0                rmdir@@GLIBC_2.4
                0x0000000000013cec                tcsetpgrp@@GLIBC_2.4
                0x0000000000013cf8                sendmsg@@GLIBC_2.4
                0x0000000000013d04                pow@@GLIBC_2.4
                0x0000000000013d10                ftruncate64@@GLIBC_2.4
                0x0000000000013d1c                fwrite_unlocked@@GLIBC_2.4
                0x0000000000013d28                memcmp@@GLIBC_2.4
                0x0000000000013d34                inet_ntoa@@GLIBC_2.4
                0x0000000000013d40                select@@GLIBC_2.4
                0x0000000000013d4c                swapon@@GLIBC_2.4
                0x0000000000013d58                sleep@@GLIBC_2.4
                0x0000000000013d64                stpcpy@@GLIBC_2.4
                0x0000000000013d70                fputc_unlocked@@GLIBC_2.4
                0x0000000000013d7c                uname@@GLIBC_2.4
                0x0000000000013d88                ctime@@GLIBC_2.4
                0x0000000000013d94                recvfrom@@GLIBC_2.4
                0x0000000000013da0                getpwent@@GLIBC_2.4
                0x0000000000013dac                strdup@@GLIBC_2.4
                0x0000000000013db8                setutxent@@GLIBC_2.4
                0x0000000000013dc4                cfgetispeed@@GLIBC_2.4
                0x0000000000013dd0                alarm@@GLIBC_2.4
                0x0000000000013ddc                sysconf@@GLIBC_2.4
                0x0000000000013de8                unlink@@GLIBC_2.4
                0x0000000000013df4                dup2@@GLIBC_2.4
                0x0000000000013e00                reboot@@GLIBC_2.4
                0x0000000000013e0c                getrlimit64@@GLIBC_2.4
                0x0000000000013e18                realloc@@GLIBC_2.4
                0x0000000000013e24                killpg@@GLIBC_2.4
                0x0000000000013e30                strptime@@GLIBC_2.4
                0x0000000000013e3c                dup@@GLIBC_2.4
                0x0000000000013e48                getpriority@@GLIBC_2.4
                0x0000000000013e54                initgroups@@GLIBC_2.4
                0x0000000000013e60                regexec@@GLIBC_2.4
                0x0000000000013e6c                localtime_r@@GLIBC_2.4
                0x0000000000013e78                wait@@GLIBC_2.4
                0x0000000000013e84                getlogin_r@@GLIBC_2.4
                0x0000000000013e90                shmat@@GLIBC_2.4
                0x0000000000013e9c                chdir@@GLIBC_2.4
                0x0000000000013ea8                strcasecmp@@GLIBC_2.4
                0x0000000000013eb4                getpgrp@@GLIBC_2.4
                0x0000000000013ec0                geteuid@@GLIBC_2.4
                0x0000000000013ecc                strsignal@@GLIBC_2.4
                0x0000000000013ed8                tzset@@GLIBC_2.4
                0x0000000000013ee4                poll@@GLIBC_2.4
                0x0000000000013ef0                setgroups@@GLIBC_2.4
                0x0000000000013efc                cfsetospeed@@GLIBC_2.4
                0x0000000000013f08                semop@@GLIBC_2.4
                0x0000000000013f14                __fxstat64@@GLIBC_2.4
                0x0000000000013f20                readlink@@GLIBC_2.4
                0x0000000000013f2c                getegid@@GLIBC_2.4
                0x0000000000013f38                sigaction@@GLIBC_2.4
                0x0000000000013f44                fwrite@@GLIBC_2.4
                0x0000000000013f50                strcat@@GLIBC_2.4
                0x0000000000013f5c                ioctl@@GLIBC_2.4
                0x0000000000013f68                sched_getscheduler@@GLIBC_2.4
                0x0000000000013f74                lseek64@@GLIBC_2.4
                0x0000000000013f80                regfree@@GLIBC_2.4
                0x0000000000013f8c                strtoll@@GLIBC_2.4
                0x0000000000013f98                usleep@@GLIBC_2.4
                0x0000000000013fa4                waitpid@@GLIBC_2.4
                0x0000000000013fb0                hasmntopt@@GLIBC_2.4
                0x0000000000013fbc                tcsetattr@@GLIBC_2.4
                0x0000000000013fc8                strcpy@@GLIBC_2.4
                0x0000000000013fd4                chroot@@GLIBC_2.4
                0x0000000000013fe0                gettimeofday@@GLIBC_2.4
                0x0000000000013fec                fread@@GLIBC_2.4
                0x0000000000013ff8                sched_yield@@GLIBC_2.4
                0x0000000000014004                shmctl@@GLIBC_2.4
                0x0000000000014010                strtok_r@@GLIBC_2.4
                0x000000000001401c                getmntent@@GLIBC_2.4
                0x0000000000014028                opendir@@GLIBC_2.4
                0x0000000000014034                umount2@@GLIBC_2.4
                0x0000000000014040                fnmatch@@GLIBC_2.4
                0x000000000001404c                open64@@GLIBC_2.4
                0x0000000000014058                sched_get_priority_max@@GLIBC_2.4
                0x0000000000014064                getenv@@GLIBC_2.4
                0x0000000000014070                setpriority@@GLIBC_2.4
                0x000000000001407c                mkstemp64@@GLIBC_2.4
                0x0000000000014088                puts@@GLIBC_2.4
                0x0000000000014094                setgid@@GLIBC_2.4
                0x00000000000140a0                sysinfo@@GLIBC_2.4
                0x00000000000140ac                malloc@@GLIBC_2.4
                0x00000000000140b8                settimeofday@@GLIBC_2.4
                0x00000000000140c4                sigaddset@@GLIBC_2.4
                0x00000000000140d0                __libc_start_main@@GLIBC_2.4
                0x00000000000140dc                strerror@@GLIBC_2.4
                0x00000000000140e8                system@@GLIBC_2.4
                0x00000000000140f4                strftime@@GLIBC_2.4
                0x0000000000014100                tcdrain@@GLIBC_2.4
                0x000000000001410c                __h_errno_location@@GLIBC_2.4
                0x0000000000014118                localtime@@GLIBC_2.4
                0x0000000000014124                strsep@@GLIBC_2.4
                0x0000000000014130                mktemp@@GLIBC_2.4
                0x000000000001413c                scanf@@GLIBC_2.4
                0x0000000000014148                closelog@@GLIBC_2.4
                0x0000000000014154                sethostname@@GLIBC_2.4
                0x0000000000014160                dirname@@GLIBC_2.4
                0x0000000000014178                freopen64@@GLIBC_2.4
                0x0000000000014184                mempcpy@@GLIBC_2.4
                0x0000000000014190                rename@@GLIBC_2.4
                0x000000000001419c                getopt_long@@GLIBC_2.4
                0x00000000000141a8                kill@@GLIBC_2.4
                0x00000000000141b4                getcwd@@GLIBC_2.4
                0x00000000000141c0                getpid@@GLIBC_2.4
                0x00000000000141cc                exit@@GLIBC_2.4
                0x00000000000141d8                syscall@@GLIBC_2.4
                0x00000000000141e4                sin@@GLIBC_2.4
                0x00000000000141f0                feof@@GLIBC_2.4
                0x00000000000141fc                flock@@GLIBC_2.4
                0x0000000000014208                strtoul@@GLIBC_2.4
                0x0000000000014214                tcgetpgrp@@GLIBC_2.4
                0x0000000000014220                strlen@@GLIBC_2.4
                0x000000000001422c                setsid@@GLIBC_2.4
                0x0000000000014238                sched_getparam@@GLIBC_2.4
                0x0000000000014244                strchr@@GLIBC_2.4
                0x0000000000014250                srand@@GLIBC_2.4
                0x000000000001425c                setenv@@GLIBC_2.4
                0x0000000000014268                memrchr@@GLIBC_2.4
                0x0000000000014274                ttyname_r@@GLIBC_2.4
                0x0000000000014280                fchown@@GLIBC_2.4
                0x000000000001428c                execve@@GLIBC_2.4
                0x0000000000014298                getopt@@GLIBC_2.4
                0x00000000000142a4                fprintf@@GLIBC_2.4
                0x00000000000142b0                getpagesize@@GLIBC_2.4
                0x00000000000142bc                cfsetispeed@@GLIBC_2.4
                0x00000000000142c8                chown@@GLIBC_2.4
                0x00000000000142d4                ungetc@@GLIBC_2.4
                0x00000000000142e0                fcntl@@GLIBC_2.4
                0x00000000000142ec                setlinebuf@@GLIBC_2.4
                0x00000000000142f8                setpwent@@GLIBC_2.4
                0x0000000000014304                execv@@GLIBC_2.4
                0x0000000000014310                sqrt@@GLIBC_2.4
                0x000000000001431c                cfgetospeed@@GLIBC_2.4
                0x0000000000014328                sigfillset@@GLIBC_2.4
                0x0000000000014334                __errno_location@@GLIBC_2.4
                0x0000000000014340                strncasecmp@@GLIBC_2.4
                0x000000000001434c                getservbyname@@GLIBC_2.4
                0x0000000000014358                klogctl@@GLIBC_2.4
                0x0000000000014364                snprintf@@GLIBC_2.4
                0x0000000000014370                __cxa_atexit@@GLIBC_2.4
                0x000000000001437c                mkdir@@GLIBC_2.4
                0x0000000000014388                semget@@GLIBC_2.4
                0x0000000000014394                bind@@GLIBC_2.4
                0x00000000000143a0                setvbuf@@GLIBC_2.4
                0x00000000000143ac                getservbyport@@GLIBC_2.4
                0x00000000000143b8                getgid@@GLIBC_2.4
                0x00000000000143c4                getgrouplist@@GLIBC_2.4
                0x00000000000143d0                memset@@GLIBC_2.4
                0x00000000000143dc                getmntent_r@@GLIBC_2.4
                0x00000000000143e8                utimes@@GLIBC_2.4
                0x00000000000143f4                strncpy@@GLIBC_2.4
                0x0000000000014400                fscanf@@GLIBC_2.4
                0x000000000001440c                mallopt@@GLIBC_2.4
                0x0000000000014418                strtoull@@GLIBC_2.4
                0x0000000000014424                wait3@@GLIBC_2.4
                0x0000000000014430                strtod@@GLIBC_2.4
                0x000000000001443c                link@@GLIBC_2.4
                0x0000000000014448                write@@GLIBC_2.4
                0x0000000000014454                fileno@@GLIBC_2.4
                0x0000000000014460                getopt_long_only@@GLIBC_2.4
                0x000000000001446c                ether_aton_r@@GLIBC_2.4
                0x0000000000014478                shmdt@@GLIBC_2.4
                0x0000000000014484                vfork@@GLIBC_2.4
                0x0000000000014490                memchr@@GLIBC_2.4
                0x000000000001449c                vsprintf@@GLIBC_2.4
                0x00000000000144a8                access@@GLIBC_2.4
                0x00000000000144b4                rand@@GLIBC_2.4
                0x00000000000144c0                fclose@@GLIBC_2.4
                0x00000000000144cc                getsid@@GLIBC_2.4
                0x00000000000144d8                strnlen@@GLIBC_2.4
                0x00000000000144e4                pipe@@GLIBC_2.4
                0x00000000000144f0                fseeko64@@GLIBC_2.4
                0x00000000000144fc                endmntent@@GLIBC_2.4
                0x0000000000014508                strtok@@GLIBC_2.4
                0x0000000000014514                semctl@@GLIBC_2.4
                0x0000000000014520                __uflow@@GLIBC_2.4
                0x000000000001452c                sendto@@GLIBC_2.4
                0x0000000000014538                shutdown@@GLIBC_2.4
                0x0000000000014544                endutxent@@GLIBC_2.4
                0x0000000000014550                __overflow@@GLIBC_2.4
                0x000000000001455c                sigemptyset@@GLIBC_2.4
                0x0000000000014568                popen@@GLIBC_2.4
                0x0000000000014574                fork@@GLIBC_2.4
                0x0000000000014580                execle@@GLIBC_2.4
                0x000000000001458c                putenv@@GLIBC_2.4
                0x0000000000014598                stime@@GLIBC_2.4
                0x00000000000145a4                getnameinfo@@GLIBC_2.4
                0x00000000000145b0                endpwent@@GLIBC_2.4
                0x00000000000145bc                strrchr@@GLIBC_2.4
                0x00000000000145c8                vfprintf@@GLIBC_2.4
                0x00000000000145d4                statfs64@@GLIBC_2.4
                0x00000000000145e0                __sigsetjmp@@GLIBC_2.4
                0x00000000000145ec                lchown@@GLIBC_2.4
                0x00000000000145f8                syslog@@GLIBC_2.4
                0x0000000000014604                setresuid@@GLIBC_2.4
                0x0000000000014610                symlink@@GLIBC_2.4
                0x000000000001461c                setuid@@GLIBC_2.4
                0x0000000000014628                sscanf@@GLIBC_2.4
                0x0000000000014634                setpgid@@GLIBC_2.4
                0x0000000000014640                clearerr@@GLIBC_2.4
                0x000000000001464c                sprintf@@GLIBC_2.4
                0x0000000000014658                readdir64@@GLIBC_2.4
                0x0000000000014664                mkdtemp@@GLIBC_2.4
                0x0000000000014670                openlog@@GLIBC_2.4
                0x000000000001467c                regcomp@@GLIBC_2.4
                0x0000000000014688                getgroups@@GLIBC_2.4
                0x0000000000014694                exp@@GLIBC_2.4
                0x00000000000146a0                getsockname@@GLIBC_2.4
                0x00000000000146ac                vsnprintf@@GLIBC_2.4
                0x00000000000146b8                getppid@@GLIBC_2.4
                0x00000000000146c4                recvmsg@@GLIBC_2.4
                0x00000000000146d0                fopen64@@GLIBC_2.4
                0x00000000000146dc                qsort@@GLIBC_2.4
                0x00000000000146e8                strpbrk@@GLIBC_2.4
                0x00000000000146f4                freeaddrinfo@@GLIBC_2.4
                0x0000000000014700                getaddrinfo@@GLIBC_2.4
                0x000000000001470c                inet_ntop@@GLIBC_2.4
                0x0000000000014718                fgets_unlocked@@GLIBC_2.4
                0x0000000000014724                socket@@GLIBC_2.4
                0x0000000000014730                setmntent@@GLIBC_2.4
                0x000000000001473c                cfsetspeed@@GLIBC_2.4
                0x0000000000014748                inet_addr@@GLIBC_2.4
                0x0000000000014754                sync@@GLIBC_2.4
                0x0000000000014760                getspnam_r@@GLIBC_2.4
                0x000000000001476c                umask@@GLIBC_2.4
                0x0000000000014778                swapoff@@GLIBC_2.4
                0x0000000000014784                chmod@@GLIBC_2.4
                0x0000000000014790                gethostbyname@@GLIBC_2.4
                0x000000000001479c                __xstat64@@GLIBC_2.4
                0x00000000000147a8                isatty@@GLIBC_2.4
                0x00000000000147b4                __xmknod@@GLIBC_2.4
                0x00000000000147c0                unsetenv@@GLIBC_2.4
                0x00000000000147cc                strncmp@@GLIBC_2.4
                0x00000000000147d8                abort@@GLIBC_2.4
                0x00000000000147e4                getutxent@@GLIBC_2.4
                0x00000000000147f0                realpath@@GLIBC_2.4
                0x00000000000147fc                siglongjmp@@GLIBC_2.4
                0x0000000000014808                close@@GLIBC_2.4
                0x0000000000014814                __lxstat64@@GLIBC_2.4
                0x0000000000014820                setresgid@@GLIBC_2.4
                0x000000000001482c                mkfifo@@GLIBC_2.4
                0x0000000000014838                connect@@GLIBC_2.4
                0x0000000000014844                closedir@@GLIBC_2.4
                0x0000000000014850                getgrgid@@GLIBC_2.4
                0x000000000001485c                getgrnam@@GLIBC_2.4
                0x0000000000014868                atan2@@GLIBC_2.4
                0x0000000000014874                sched_setscheduler@@GLIBC_2.4
                0x0000000000014880                strspn@@GLIBC_2.4
                0x000000000001488c                fchmod@@GLIBC_2.4
                0x0000000000014898                cos@@GLIBC_2.4
                0x00000000000148a4                tcgetattr@@GLIBC_2.4
                0x00000000000148b0                tcgetsid@@GLIBC_2.4
                0x00000000000148bc                ftello64@@GLIBC_2.4
                0x00000000000148c8                pclose@@GLIBC_2.4
                0x00000000000148d4                mount@@GLIBC_2.4

.iplt           0x00000000000148e0        0x0
 *(SORT(.iplt))
 .iplt          0x00000000000148e0        0x0 /home/student/Desktop/yocto_pynq/Yocto_project_pynq_board/build/tmp/work/cortexa9hf-neon-poky-linux-gnueabi/busybox/1.24.1-r0/recipe-sysroot/usr/lib/crt1.o

.text           0x00000000000148e0    0x6e8f8
 *(SORT(.text.unlikely) SORT(.text.*_unlikely) SORT(.text.unlikely.*))
 *(SORT(.text.exit) SORT(.text.exit.*))
 *(SORT(.text.startup) SORT(.text.startup.*))
 *(SORT(.text.hot) SORT(.text.hot.*))
 *(SORT(.text) SORT(.stub) SORT(.text.*) SORT(.gnu.linkonce.t.*))
 .text.showmode
                0x00000000000148e0      0x188 util-linux/lib.a(fbset.o)
 .text.hexdump_main
                0x0000000000014a68      0x220 util-linux/lib.a(hexdump.o)
                0x0000000000014a68                hexdump_main
 .text.sleep_main
                0x0000000000014c88      0x180 coreutils/lib.a(sleep.o)
                0x0000000000014c88                sleep_main
 .text.evaluate
                0x0000000000014e08     0x1140 editors/lib.a(awk.o)
 .text.smart_ulltoa5
                0x0000000000015f48      0x290 libbb/lib.a(human_readable.o)
                0x0000000000015f48                smart_ulltoa5
 .text.bb_progress_update
                0x00000000000161d8      0x3d0 libbb/lib.a(progress.o)
                0x00000000000161d8                bb_progress_update
 .text          0x00000000000165a8       0x58 /home/student/Desktop/yocto_pynq/Yocto_project_pynq_board/build/tmp/work/cortexa9hf-neon-poky-linux-gnueabi/busybox/1.24.1-r0/recipe-sysroot/usr/lib/arm-poky-linux-gnueabi/7.3.0/libgcc.a(_fixunsdfdi.o)
                0x00000000000165a8                __aeabi_d2ulz
                0x00000000000165a8                __fixunsdfdi
 .text          0x0000000000016600      0x130 /home/student/Desktop/yocto_pynq/Yocto_project_pynq_board/build/tmp/work/cortexa9hf-neon-poky-linux-gnueabi/busybox/1.24.1-r0/recipe-sysroot/usr/lib/arm-poky-linux-gnueabi/7.3.0/libgcc.a(_udivmoddi4.o)
                0x0000000000016600                __udivmoddi4
 .text          0x0000000000016730       0x3c /home/student/Desktop/yocto_pynq/Yocto_project_pynq_board/build/tmp/work/cortexa9hf-neon-poky-linux-gnueabi/busybox/1.24.1-r0/recipe-sysroot/usr/lib/crt1.o
                0x0000000000016730                _start
 .text          0x000000000001676c       0x24 /home/student/Desktop/yocto_pynq/Yocto_project_pynq_board/build/tmp/work/cortexa9hf-neon-poky-linux-gnueabi/busybox/1.24.1-r0/recipe-sysroot/usr/lib/crti.o
 .text          0x0000000000016790       0x90 /home/student/Desktop/yocto_pynq/Yocto_project_pynq_board/build/tmp/work/cortexa9hf-neon-poky-linux-gnueabi/busybox/1.24.1-r0/recipe-sysroot/usr/lib/arm-poky-linux-gnueabi/7.3.0/crtbegin.o
 .text.get_trimmed_slice
                0x0000000000016820       0x2c libbb/lib.a(appletlib.o)
 .text.find_applet_by_name
                0x000000000001684c       0x80 libbb/lib.a(appletlib.o)
                0x000000000001684c                find_applet_by_name
 .text.bb_show_usage
                0x00000000000168cc       0xf4 libbb/lib.a(appletlib.o)
                0x00000000000168cc                bb_show_usage
 .text.parse_config_file
                0x00000000000169c0      0x31c libbb/lib.a(appletlib.o)
 .text.run_applet_no_and_exit
                0x0000000000016cdc      0x2a0 libbb/lib.a(appletlib.o)
                0x0000000000016cdc                run_applet_no_and_exit
 .text.run_applet_and_exit
                0x0000000000016f7c      0x210 libbb/lib.a(appletlib.o)
                0x0000000000016f7c                run_applet_and_exit
 .text.main     0x000000000001718c       0x90 libbb/lib.a(appletlib.o)
                0x000000000001718c                main
 .text.is_prefixed_with
                0x000000000001721c       0x40 libbb/lib.a(compare_string_array.o)
                0x000000000001721c                is_prefixed_with
 .text.index_in_strings
                0x000000000001725c       0x58 libbb/lib.a(compare_string_array.o)
                0x000000000001725c                index_in_strings
 .text.index_in_substrings
                0x00000000000172b4       0x90 libbb/lib.a(compare_string_array.o)
                0x00000000000172b4                index_in_substrings
 .text.nth_string
                0x0000000000017344       0x34 libbb/lib.a(compare_string_array.o)
                0x0000000000017344                nth_string
 .text.bb_basename
                0x0000000000017378       0x20 libbb/lib.a(get_last_path_component.o)
                0x0000000000017378                bb_basename
 .text.bb_get_last_path_component_nostrip
                0x0000000000017398       0x3c libbb/lib.a(get_last_path_component.o)
                0x0000000000017398                bb_get_last_path_component_nostrip
 .text.bb_get_last_path_component_strip
                0x00000000000173d4       0x6c libbb/lib.a(get_last_path_component.o)
                0x00000000000173d4                bb_get_last_path_component_strip
 .text.last_char_is
                0x0000000000017440       0x4c libbb/lib.a(last_char_is.o)
                0x0000000000017440                last_char_is
 .text.llist_add_to
                0x000000000001748c       0x28 libbb/lib.a(llist.o)
                0x000000000001748c                llist_add_to
 .text.llist_add_to_end
                0x00000000000174b4       0x40 libbb/lib.a(llist.o)
                0x00000000000174b4                llist_add_to_end
 .text.llist_pop
                0x00000000000174f4       0x30 libbb/lib.a(llist.o)
                0x00000000000174f4                llist_pop
 .text.llist_unlink
                0x0000000000017524       0x4c libbb/lib.a(llist.o)
                0x0000000000017524                llist_unlink
 .text.llist_free
                0x0000000000017570       0x38 libbb/lib.a(llist.o)
                0x0000000000017570                llist_free
 .text.llist_rev
                0x00000000000175a8       0x28 libbb/lib.a(llist.o)
                0x00000000000175a8                llist_rev
 .text.llist_find_str
                0x00000000000175d0       0x3c libbb/lib.a(llist.o)
                0x00000000000175d0                llist_find_str
 .text.bb_perror_msg
                0x000000000001760c       0x50 libbb/lib.a(perror_msg.o)
                0x000000000001760c                bb_perror_msg
 .text.bb_perror_msg_and_die
                0x000000000001765c       0x44 libbb/lib.a(perror_msg.o)
                0x000000000001765c                bb_perror_msg_and_die
 .text.bb_simple_perror_msg
                0x00000000000176a0       0x10 libbb/lib.a(perror_msg.o)
                0x00000000000176a0                bb_simple_perror_msg
 .text.bb_simple_perror_msg_and_die
                0x00000000000176b0       0x14 libbb/lib.a(perror_msg.o)
                0x00000000000176b0                bb_simple_perror_msg_and_die
 .text.skip_whitespace
                0x00000000000176c4       0x2c libbb/lib.a(skip_whitespace.o)
                0x00000000000176c4                skip_whitespace
 .text.skip_non_whitespace
                0x00000000000176f0       0x28 libbb/lib.a(skip_whitespace.o)
                0x00000000000176f0                skip_non_whitespace
 .text.skip_dev_pfx
                0x0000000000017718       0x24 libbb/lib.a(skip_whitespace.o)
                0x0000000000017718                skip_dev_pfx
 .text.bb_verror_msg
                0x000000000001773c      0x208 libbb/lib.a(verror_msg.o)
                0x000000000001773c                bb_verror_msg
 .text.bb_error_msg_and_die
                0x0000000000017944       0x28 libbb/lib.a(verror_msg.o)
                0x0000000000017944                bb_error_msg_and_die
 .text.bb_error_msg
                0x000000000001796c       0x34 libbb/lib.a(verror_msg.o)
                0x000000000001796c                bb_error_msg
 .text.xfdopen_helper
                0x00000000000179a0       0x38 libbb/lib.a(wfopen.o)
 .text.fopen_or_warn
                0x00000000000179d8       0x24 libbb/lib.a(wfopen.o)
                0x00000000000179d8                fopen_or_warn
 .text.fopen_for_read
                0x00000000000179fc        0xc libbb/lib.a(wfopen.o)
                0x00000000000179fc                fopen_for_read
 .text.xfopen_for_read
                0x0000000000017a08        0xc libbb/lib.a(wfopen.o)
                0x0000000000017a08                xfopen_for_read
 .text.fopen_for_write
                0x0000000000017a14        0xc libbb/lib.a(wfopen.o)
                0x0000000000017a14                fopen_for_write
 .text.xfopen_for_write
                0x0000000000017a20        0xc libbb/lib.a(wfopen.o)
                0x0000000000017a20                xfopen_for_write
 .text.xfdopen_for_read
                0x0000000000017a2c        0x8 libbb/lib.a(wfopen.o)
                0x0000000000017a2c                xfdopen_for_read
 .text.xfdopen_for_write
                0x0000000000017a34        0xc libbb/lib.a(wfopen.o)
                0x0000000000017a34                xfdopen_for_write
 .text.xfunc_die
                0x0000000000017a40       0x2c libbb/lib.a(xfunc_die.o)
                0x0000000000017a40                xfunc_die
 .text.wh_helper
                0x0000000000017a6c       0x5c libbb/lib.a(xfuncs.o)
 .text.ndelay_on
                0x0000000000017ac8       0x38 libbb/lib.a(xfuncs.o)
                0x0000000000017ac8                ndelay_on
 .text.ndelay_off
                0x0000000000017b00       0x38 libbb/lib.a(xfuncs.o)
                0x0000000000017b00                ndelay_off
 .text.close_on_exec_on
                0x0000000000017b38        0xc libbb/lib.a(xfuncs.o)
                0x0000000000017b38                close_on_exec_on
 .text.strncpy_IFNAMSIZ
                0x0000000000017b44        0x8 libbb/lib.a(xfuncs.o)
                0x0000000000017b44                strncpy_IFNAMSIZ
 .text.utoa_to_buf
                0x0000000000017b4c       0x8c libbb/lib.a(xfuncs.o)
                0x0000000000017b4c                utoa_to_buf
 .text.itoa_to_buf
                0x0000000000017bd8       0xb4 libbb/lib.a(xfuncs.o)
                0x0000000000017bd8                itoa_to_buf
 .text.utoa     0x0000000000017c8c       0x98 libbb/lib.a(xfuncs.o)
                0x0000000000017c8c                utoa
 .text.itoa     0x0000000000017d24       0x2c libbb/lib.a(xfuncs.o)
                0x0000000000017d24                itoa
 .text.bin2hex  0x0000000000017d50       0x50 libbb/lib.a(xfuncs.o)
                0x0000000000017d50                bin2hex
 .text.hex2bin  0x0000000000017da0      0x120 libbb/lib.a(xfuncs.o)
                0x0000000000017da0                hex2bin
 .text.bb_putchar_stderr
                0x0000000000017ec0       0x24 libbb/lib.a(xfuncs.o)
                0x0000000000017ec0                bb_putchar_stderr
 .text.full_write1_str
                0x0000000000017ee4       0x20 libbb/lib.a(xfuncs.o)
                0x0000000000017ee4                full_write1_str
 .text.full_write2_str
                0x0000000000017f04       0x20 libbb/lib.a(xfuncs.o)
                0x0000000000017f04                full_write2_str
 .text.get_terminal_width_height
                0x0000000000017f24       0x94 libbb/lib.a(xfuncs.o)
                0x0000000000017f24                get_terminal_width_height
 .text.tcsetattr_stdin_TCSANOW
                0x0000000000017fb8       0x10 libbb/lib.a(xfuncs.o)
                0x0000000000017fb8                tcsetattr_stdin_TCSANOW
 .text.safe_waitpid
                0x0000000000017fc8       0x44 libbb/lib.a(xfuncs.o)
                0x0000000000017fc8                safe_waitpid
 .text.wait_any_nohang
                0x000000000001800c       0x3c libbb/lib.a(xfuncs.o)
                0x000000000001800c                wait_any_nohang
 .text.wait4pid
                0x0000000000018048       0x80 libbb/lib.a(xfuncs.o)
                0x0000000000018048                wait4pid
 .text.malloc_or_warn
                0x00000000000180c8       0x3c libbb/lib.a(xfuncs_printf.o)
                0x00000000000180c8                malloc_or_warn
 .text.xmalloc  0x0000000000018104       0x30 libbb/lib.a(xfuncs_printf.o)
                0x0000000000018104                xmalloc
 .text.xrealloc
                0x0000000000018134       0x30 libbb/lib.a(xfuncs_printf.o)
                0x0000000000018134                xrealloc
 .text.xzalloc  0x0000000000018164       0x1c libbb/lib.a(xfuncs_printf.o)
                0x0000000000018164                xzalloc
 .text.xstrdup  0x0000000000018180       0x2c libbb/lib.a(xfuncs_printf.o)
                0x0000000000018180                xstrdup
 .text.xstrndup
                0x00000000000181ac       0x6c libbb/lib.a(xfuncs_printf.o)
                0x00000000000181ac                xstrndup
 .text.xmemdup  0x0000000000018218       0x24 libbb/lib.a(xfuncs_printf.o)
                0x0000000000018218                xmemdup
 .text.xfopen   0x000000000001823c       0x24 libbb/lib.a(xfuncs_printf.o)
                0x000000000001823c                xfopen
 .text.xopen3   0x0000000000018260       0x24 libbb/lib.a(xfuncs_printf.o)
                0x0000000000018260                xopen3
 .text.xopen    0x0000000000018284        0x8 libbb/lib.a(xfuncs_printf.o)
                0x0000000000018284                xopen
 .text.open3_or_warn
                0x000000000001828c       0x2c libbb/lib.a(xfuncs_printf.o)
                0x000000000001828c                open3_or_warn
 .text.open_or_warn
                0x00000000000182b8        0x8 libbb/lib.a(xfuncs_printf.o)
                0x00000000000182b8                open_or_warn
 .text.xopen_nonblocking
                0x00000000000182c0        0xc libbb/lib.a(xfuncs_printf.o)
                0x00000000000182c0                xopen_nonblocking
 .text.xunlink  0x00000000000182cc       0x24 libbb/lib.a(xfuncs_printf.o)
                0x00000000000182cc                xunlink
 .text.xrename  0x00000000000182f0       0x2c libbb/lib.a(xfuncs_printf.o)
                0x00000000000182f0                xrename
 .text.xpipe    0x000000000001831c       0x1c libbb/lib.a(xfuncs_printf.o)
                0x000000000001831c                xpipe
 .text.xdup2    0x0000000000018338       0x20 libbb/lib.a(xfuncs_printf.o)
                0x0000000000018338                xdup2
 .text.xmove_fd
                0x0000000000018358       0x20 libbb/lib.a(xfuncs_printf.o)
                0x0000000000018358                xmove_fd
 .text.xwrite   0x0000000000018378       0x24 libbb/lib.a(xfuncs_printf.o)
                0x0000000000018378                xwrite
 .text.xwrite_str
                0x000000000001839c       0x28 libbb/lib.a(xfuncs_printf.o)
                0x000000000001839c                xwrite_str
 .text.xclose   0x00000000000183c4       0x1c libbb/lib.a(xfuncs_printf.o)
                0x00000000000183c4                xclose
 .text.xlseek   0x00000000000183e0       0x60 libbb/lib.a(xfuncs_printf.o)
                0x00000000000183e0                xlseek
 .text.xmkstemp
                0x0000000000018440       0x24 libbb/lib.a(xfuncs_printf.o)
                0x0000000000018440                xmkstemp
 .text.die_if_ferror
                0x0000000000018464       0x24 libbb/lib.a(xfuncs_printf.o)
                0x0000000000018464                die_if_ferror
 .text.die_if_ferror_stdout
                0x0000000000018488       0x18 libbb/lib.a(xfuncs_printf.o)
                0x0000000000018488                die_if_ferror_stdout
 .text.fflush_all
                0x00000000000184a0        0x8 libbb/lib.a(xfuncs_printf.o)
                0x00000000000184a0                fflush_all
 .text.bb_putchar
                0x00000000000184a8       0x44 libbb/lib.a(xfuncs_printf.o)
                0x00000000000184a8                bb_putchar
 .text.xprint_and_close_file
                0x00000000000184ec       0x44 libbb/lib.a(xfuncs_printf.o)
                0x00000000000184ec                xprint_and_close_file
 .text.xasprintf
                0x0000000000018530       0x4c libbb/lib.a(xfuncs_printf.o)
                0x0000000000018530                xasprintf
 .text.xsetenv  0x000000000001857c       0x20 libbb/lib.a(xfuncs_printf.o)
                0x000000000001857c                xsetenv
 .text.bb_unsetenv
                0x000000000001859c       0x44 libbb/lib.a(xfuncs_printf.o)
                0x000000000001859c                bb_unsetenv
 .text.bb_unsetenv_and_free
                0x00000000000185e0       0x18 libbb/lib.a(xfuncs_printf.o)
                0x00000000000185e0                bb_unsetenv_and_free
 .text.xsetgid  0x00000000000185f8       0x1c libbb/lib.a(xfuncs_printf.o)
                0x00000000000185f8                xsetgid
 .text.xsetuid  0x0000000000018614       0x1c libbb/lib.a(xfuncs_printf.o)
                0x0000000000018614                xsetuid
 .text.xchdir   0x0000000000018630       0x24 libbb/lib.a(xfuncs_printf.o)
                0x0000000000018630                xchdir
 .text.xchroot  0x0000000000018654       0x34 libbb/lib.a(xfuncs_printf.o)
                0x0000000000018654                xchroot
 .text.warn_opendir
                0x0000000000018688       0x2c libbb/lib.a(xfuncs_printf.o)
                0x0000000000018688                warn_opendir
 .text.xopendir
                0x00000000000186b4       0x24 libbb/lib.a(xfuncs_printf.o)
                0x00000000000186b4                xopendir
 .text.xsocket  0x00000000000186d8       0x1c libbb/lib.a(xfuncs_printf.o)
                0x00000000000186d8                xsocket
 .text.xbind    0x00000000000186f4       0x1c libbb/lib.a(xfuncs_printf.o)
                0x00000000000186f4                xbind
 .text.xsendto  0x0000000000018710       0x38 libbb/lib.a(xfuncs_printf.o)
                0x0000000000018710                xsendto
 .text.xstat    0x0000000000018748       0x30 libbb/lib.a(xfuncs_printf.o)
                0x0000000000018748                xstat
 .text.xfstat   0x0000000000018778       0x28 libbb/lib.a(xfuncs_printf.o)
                0x0000000000018778                xfstat
 .text.ioctl_or_perror_and_die
                0x00000000000187a0       0x58 libbb/lib.a(xfuncs_printf.o)
                0x00000000000187a0                ioctl_or_perror_and_die
 .text.ioctl_or_perror
                0x00000000000187f8       0x58 libbb/lib.a(xfuncs_printf.o)
                0x00000000000187f8                ioctl_or_perror
 .text.bb_ioctl_or_warn
                0x0000000000018850       0x24 libbb/lib.a(xfuncs_printf.o)
                0x0000000000018850                bb_ioctl_or_warn
 .text.bb_xioctl
                0x0000000000018874       0x1c libbb/lib.a(xfuncs_printf.o)
                0x0000000000018874                bb_xioctl
 .text.xmalloc_ttyname
                0x0000000000018890       0x44 libbb/lib.a(xfuncs_printf.o)
                0x0000000000018890                xmalloc_ttyname
 .text.xfork    0x00000000000188d4       0x1c libbb/lib.a(xfuncs_printf.o)
                0x00000000000188d4                xfork
 .text.bb_full_fd_action
                0x00000000000188f0      0x17c libbb/lib.a(copyfd.o)
 .text.bb_copyfd_size
                0x0000000000018a6c       0x2c libbb/lib.a(copyfd.o)
                0x0000000000018a6c                bb_copyfd_size
 .text.bb_copyfd_exact_size
                0x0000000000018a98       0x68 libbb/lib.a(copyfd.o)
                0x0000000000018a98                bb_copyfd_exact_size
 .text.bb_copyfd_eof
                0x0000000000018b00        0xc libbb/lib.a(copyfd.o)
                0x0000000000018b00                bb_copyfd_eof
 .text.full_write
                0x0000000000018b0c       0x58 libbb/lib.a(full_write.o)
                0x0000000000018b0c                full_write
 .text.safe_read
                0x0000000000018b64       0x44 libbb/lib.a(read.o)
                0x0000000000018b64                safe_read
 .text.full_read
                0x0000000000018ba8       0x74 libbb/lib.a(read.o)
                0x0000000000018ba8                full_read
 .text.open_read_close
                0x0000000000018c1c       0x44 libbb/lib.a(read.o)
                0x0000000000018c1c                open_read_close
 .text.safe_write
                0x0000000000018c60       0x44 libbb/lib.a(safe_write.o)
                0x0000000000018c60                safe_write
 .text.get_mono
                0x0000000000018ca4       0x28 libbb/lib.a(time.o)
 .text.parse_datestr
                0x0000000000018ccc      0x498 libbb/lib.a(time.o)
                0x0000000000018ccc                parse_datestr
 .text.validate_tm_time
                0x0000000000019164       0x28 libbb/lib.a(time.o)
                0x0000000000019164                validate_tm_time
 .text.strftime_HHMMSS
                0x000000000001918c       0x50 libbb/lib.a(time.o)
                0x000000000001918c                strftime_HHMMSS
 .text.strftime_YYYYMMDDHHMMSS
                0x00000000000191dc       0x50 libbb/lib.a(time.o)
                0x00000000000191dc                strftime_YYYYMMDDHHMMSS
 .text.monotonic_us
                0x000000000001922c       0x44 libbb/lib.a(time.o)
                0x000000000001922c                monotonic_us
 .text.monotonic_ms
                0x0000000000019270       0x40 libbb/lib.a(time.o)
                0x0000000000019270                monotonic_ms
 .text.monotonic_sec
                0x00000000000192b0       0x1c libbb/lib.a(time.o)
                0x00000000000192b0                monotonic_sec
 .text.bb_strtoull
                0x00000000000192cc       0xb4 libbb/lib.a(bb_strtonum.o)
                0x00000000000192cc                bb_strtoull
 .text.bb_strtoll
                0x0000000000019380       0xc0 libbb/lib.a(bb_strtonum.o)
                0x0000000000019380                bb_strtoll
 .text.bb_strtoul
                0x0000000000019440       0xac libbb/lib.a(bb_strtonum.o)
                0x0000000000019440                bb_strtoul
 .text.bb_strtol
                0x00000000000194ec       0xb8 libbb/lib.a(bb_strtonum.o)
                0x00000000000194ec                bb_strtol
 .text.get_uidgid
                0x00000000000195a4      0x128 libpwdgrp/lib.a(uidgid_get.o)
                0x00000000000195a4                get_uidgid
 .text.xget_uidgid
                0x00000000000196cc       0x28 libpwdgrp/lib.a(uidgid_get.o)
                0x00000000000196cc                xget_uidgid
 .text.parse_chown_usergroup_or_die
                0x00000000000196f4       0x90 libpwdgrp/lib.a(uidgid_get.o)
                0x00000000000196f4                parse_chown_usergroup_or_die
 .text.addgroup_main
                0x0000000000019784      0x1a0 loginutils/lib.a(addgroup.o)
                0x0000000000019784                addgroup_main
 .text.addgroup_wrapper.isra.0
                0x0000000000019924       0x84 loginutils/lib.a(adduser.o)
 .text.adduser_main
                0x00000000000199a8      0x474 loginutils/lib.a(adduser.o)
                0x00000000000199a8                adduser_main
 .text.deluser_main
                0x0000000000019e1c      0x174 loginutils/lib.a(deluser.o)
                0x0000000000019e1c                deluser_main
 .text.sleep10  0x0000000000019f90        0x8 loginutils/lib.a(getty.o)
 .text.bcode    0x0000000000019f98       0x20 loginutils/lib.a(getty.o)
 .text.set_tty_attrs
                0x0000000000019fb8       0x2c loginutils/lib.a(getty.o)
 .text.finalize_tty_attrs
                0x0000000000019fe4       0x80 loginutils/lib.a(getty.o)
 .text.alarm_handler
                0x000000000001a064       0x10 loginutils/lib.a(getty.o)
 .text.getty_main
                0x000000000001a074      0x7d4 loginutils/lib.a(getty.o)
                0x000000000001a074                getty_main
 .text.sulogin_main
                0x000000000001a848      0x1b0 loginutils/lib.a(sulogin.o)
                0x000000000001a848                sulogin_main
 .text.show_min_max
                0x000000000001a9f8       0x50 miscutils/lib.a(chrt.o)
 .text.chrt_main
                0x000000000001aa48      0x1d4 miscutils/lib.a(chrt.o)
                0x000000000001aa48                chrt_main
 .text.divide   0x000000000001ac1c       0x8c miscutils/lib.a(dc.o)
 .text.mul      0x000000000001aca8       0x8c miscutils/lib.a(dc.o)
 .text.sub      0x000000000001ad34       0x8c miscutils/lib.a(dc.o)
 .text.add      0x000000000001adc0       0x8c miscutils/lib.a(dc.o)
 .text.eor      0x000000000001ae4c       0x98 miscutils/lib.a(dc.o)
 .text.not      0x000000000001aee4       0x70 miscutils/lib.a(dc.o)
 .text.or       0x000000000001af54       0x98 miscutils/lib.a(dc.o)
 .text.and      0x000000000001afec       0x98 miscutils/lib.a(dc.o)
 .text.mod      0x000000000001b084       0xac miscutils/lib.a(dc.o)
 .text.stack_machine
                0x000000000001b130       0xd4 miscutils/lib.a(dc.o)
 .text.set_output_base
                0x000000000001b204       0x94 miscutils/lib.a(dc.o)
 .text.print_base
                0x000000000001b298      0x138 miscutils/lib.a(dc.o)
 .text.print_stack_no_pop
                0x000000000001b3d0       0x40 miscutils/lib.a(dc.o)
 .text.print_no_pop
                0x000000000001b410       0x38 miscutils/lib.a(dc.o)
 .text.dc_main  0x000000000001b448       0x74 miscutils/lib.a(dc.o)
                0x000000000001b448                dc_main
 .text.opp_bracket
                0x000000000001b4bc       0x5c miscutils/lib.a(less.o)
 .text.set_tty_cooked
                0x000000000001b518       0x28 miscutils/lib.a(less.o)
 .text.less_exit
                0x000000000001b540       0x44 miscutils/lib.a(less.o)
 .text.sig_catcher
                0x000000000001b584        0xc miscutils/lib.a(less.o)
 .text.print_statusline
                0x000000000001b590       0x44 miscutils/lib.a(less.o)
 .text.read_lines
                0x000000000001b5d4      0x3a8 miscutils/lib.a(less.o)
 .text.update_num_lines
                0x000000000001b97c      0x100 miscutils/lib.a(less.o)
 .text.m_status_print
                0x000000000001ba7c      0x174 miscutils/lib.a(less.o)
 .text.status_print
                0x000000000001bbf0       0xb8 miscutils/lib.a(less.o)
 .text.buffer_print
                0x000000000001bca8      0x1d4 miscutils/lib.a(less.o)
 .text.buffer_fill_and_print
                0x000000000001be7c       0x80 miscutils/lib.a(less.o)
 .text.reinitialize
                0x000000000001befc       0xc4 miscutils/lib.a(less.o)
 .text.change_file
                0x000000000001bfc0       0x88 miscutils/lib.a(less.o)
 .text.buffer_down
                0x000000000001c048       0x54 miscutils/lib.a(less.o)
 .text.buffer_up
                0x000000000001c09c       0x34 miscutils/lib.a(less.o)
 .text.buffer_to_line
                0x000000000001c0d0       0xfc miscutils/lib.a(less.o)
 .text.getch_nowait
                0x000000000001c1cc      0x118 miscutils/lib.a(less.o)
 .text.less_getch
                0x000000000001c2e4       0x50 miscutils/lib.a(less.o)
 .text.less_gets
                0x000000000001c334       0xe0 miscutils/lib.a(less.o)
 .text.examine_file
                0x000000000001c414       0x8c miscutils/lib.a(less.o)
 .text.less_main
                0x000000000001c4a0      0xbb0 miscutils/lib.a(less.o)
                0x000000000001c4a0                less_main
 .text.microcom_main
                0x000000000001d050      0x3ac miscutils/lib.a(microcom.o)
                0x000000000001d050                microcom_main
 .text.rfkill_main
                0x000000000001d3fc      0x354 miscutils/lib.a(rfkill.o)
                0x000000000001d3fc                rfkill_main
 .text.strings_main
                0x000000000001d750      0x1e8 miscutils/lib.a(strings.o)
                0x000000000001d750                strings_main
 .text.run_command
                0x000000000001d938       0xec miscutils/lib.a(time.o)
 .text.time_main
                0x000000000001da24      0x778 miscutils/lib.a(time.o)
                0x000000000001da24                time_main
 .text.order_dep_list
                0x000000000001e19c       0x94 modutils/lib.a(depmod.o)
 .text.parse_module
                0x000000000001e230      0x1dc modutils/lib.a(depmod.o)
 .text.xfreopen_write
                0x000000000001e40c       0x30 modutils/lib.a(depmod.o)
 .text.depmod_main
                0x000000000001e43c      0x300 modutils/lib.a(depmod.o)
                0x000000000001e43c                depmod_main
 .text.insmod_main
                0x000000000001e73c       0x54 modutils/lib.a(insmod.o)
                0x000000000001e73c                insmod_main
 .text.lsmod_main
                0x000000000001e790       0x88 modutils/lib.a(lsmod.o)
                0x000000000001e790                lsmod_main
 .text.display  0x000000000001e818       0x68 modutils/lib.a(modinfo.o)
 .text.modinfo  0x000000000001e880      0x178 modutils/lib.a(modinfo.o)
 .text.modinfo_main
                0x000000000001e9f8      0x198 modutils/lib.a(modinfo.o)
                0x000000000001e9f8                modinfo_main
 .text.helper_get_module
                0x000000000001eb90       0xbc modutils/lib.a(modprobe.o)
 .text.add_probe
                0x000000000001ec4c       0x84 modutils/lib.a(modprobe.o)
 .text.gather_options_str
                0x000000000001ecd0       0x64 modutils/lib.a(modprobe.o)
 .text.config_file_action
                0x000000000001ed34      0x1e0 modutils/lib.a(modprobe.o)
 .text.load_modules_dep
                0x000000000001ef14      0x134 modutils/lib.a(modprobe.o)
 .text.do_modprobe
                0x000000000001f048      0x418 modutils/lib.a(modprobe.o)
 .text.modprobe_main
                0x000000000001f460      0x3d4 modutils/lib.a(modprobe.o)
                0x000000000001f460                modprobe_main
 .text.replace  0x000000000001f834       0x24 modutils/lib.a(modutils.o)
                0x000000000001f834                replace
 .text.string_to_llist
                0x000000000001f858       0x68 modutils/lib.a(modutils.o)
                0x000000000001f858                string_to_llist
 .text.filename2modname
                0x000000000001f8c0       0x78 modutils/lib.a(modutils.o)
                0x000000000001f8c0                filename2modname
 .text.parse_cmdline_module_options
                0x000000000001f938       0xd4 modutils/lib.a(modutils.o)
                0x000000000001f938                parse_cmdline_module_options
 .text.bb_init_module
                0x000000000001fa0c       0x90 modutils/lib.a(modutils.o)
                0x000000000001fa0c                bb_init_module
 .text.bb_delete_module
                0x000000000001fa9c       0x30 modutils/lib.a(modutils.o)
                0x000000000001fa9c                bb_delete_module
 .text.moderror
                0x000000000001facc       0xf8 modutils/lib.a(modutils.o)
                0x000000000001facc                moderror
 .text.rmmod_main
                0x000000000001fbc4       0xf0 modutils/lib.a(rmmod.o)
                0x000000000001fbc4                rmmod_main
 .text.do_sethostname
                0x000000000001fcb4       0x90 networking/lib.a(hostname.o)
 .text.hostname_main
                0x000000000001fd44      0x1a8 networking/lib.a(hostname.o)
                0x000000000001fd44                hostname_main
 .text.ifconfig_main
                0x000000000001feec      0x4c8 networking/lib.a(ifconfig.o)
                0x000000000001feec                ifconfig_main
 .text.manual_up_down6
                0x00000000000203b4        0x8 networking/lib.a(ifupdown.o)
 .text.check    0x00000000000203bc        0xc networking/lib.a(ifupdown.o)
 .text.doit     0x00000000000203c8       0xb0 networking/lib.a(ifupdown.o)
 .text.setlocalenv
                0x0000000000020478       0x88 networking/lib.a(ifupdown.o)
 .text.set_environ
                0x0000000000020500      0x1ac networking/lib.a(ifupdown.o)
 .text.next_word
                0x00000000000206ac       0x64 networking/lib.a(ifupdown.o)
 .text.find_iface_state
                0x0000000000020710       0x48 networking/lib.a(ifupdown.o)
 .text.get_var  0x0000000000020758       0xcc networking/lib.a(ifupdown.o)
 .text.addstr   0x0000000000020824       0x58 networking/lib.a(ifupdown.o)
 .text.execute  0x000000000002087c      0x314 networking/lib.a(ifupdown.o)
 .text.loopback_down6
                0x0000000000020b90       0x14 networking/lib.a(ifupdown.o)
 .text.static_down6
                0x0000000000020ba4        0x4 networking/lib.a(ifupdown.o)
 .text.loopback_up6
                0x0000000000020ba8       0x48 networking/lib.a(ifupdown.o)
 .text.static_up6
                0x0000000000020bf0       0x60 networking/lib.a(ifupdown.o)
 .text.v4tunnel_down
                0x0000000000020c50       0x14 networking/lib.a(ifupdown.o)
 .text.v4tunnel_up
                0x0000000000020c64       0x78 networking/lib.a(ifupdown.o)
 .text.loopback_down
                0x0000000000020cdc       0x48 networking/lib.a(ifupdown.o)
 .text.static_down
                0x0000000000020d24        0x4 networking/lib.a(ifupdown.o)
 .text.loopback_up
                0x0000000000020d28       0x48 networking/lib.a(ifupdown.o)
 .text.bootp_up
                0x0000000000020d70       0x14 networking/lib.a(ifupdown.o)
 .text.static_up
                0x0000000000020d84       0x60 networking/lib.a(ifupdown.o)
 .text.ppp_down
                0x0000000000020de4       0x14 networking/lib.a(ifupdown.o)
 .text.ppp_up   0x0000000000020df8       0x14 networking/lib.a(ifupdown.o)
 .text.wvdial_down
                0x0000000000020e0c       0x14 networking/lib.a(ifupdown.o)
 .text.wvdial_up
                0x0000000000020e20       0x14 networking/lib.a(ifupdown.o)
 .text.dhcp_up  0x0000000000020e34       0x90 networking/lib.a(ifupdown.o)
 .text.dhcp_down
                0x0000000000020ec4       0x90 networking/lib.a(ifupdown.o)
 .text.popen2   0x0000000000020f54       0xb8 networking/lib.a(ifupdown.o)
 .text.read_iface_state
                0x000000000002100c       0x70 networking/lib.a(ifupdown.o)
 .text.execute_all.isra.1
                0x000000000002107c       0x74 networking/lib.a(ifupdown.o)
 .text.iface_up
                0x00000000000210f0       0xc8 networking/lib.a(ifupdown.o)
 .text.iface_down
                0x00000000000211b8       0xc8 networking/lib.a(ifupdown.o)
 .text.read_interfaces
                0x0000000000021280      0x618 networking/lib.a(ifupdown.o)
 .text.manual_up_down
                0x0000000000021898        0x8 networking/lib.a(ifupdown.o)
 .text.link_up_down
                0x00000000000218a0        0x8 networking/lib.a(ifupdown.o)
 .text.ifupdown_main
                0x00000000000218a8      0x580 networking/lib.a(ifupdown.o)
                0x00000000000218a8                ifupdown_main
 .text.UNSPEC_print
                0x0000000000021e28       0x54 networking/lib.a(interface.o)
 .text.UNSPEC_sprint
                0x0000000000021e7c       0x2c networking/lib.a(interface.o)
 .text.INET6_input
                0x0000000000021ea8        0x4 networking/lib.a(interface.o)
 .text.INET6_sprint
                0x0000000000021eac       0x34 networking/lib.a(interface.o)
 .text.INET_input
                0x0000000000021ee0        0x8 networking/lib.a(interface.o)
 .text.INET_sprint
                0x0000000000021ee8       0x38 networking/lib.a(interface.o)
 .text.ether_print
                0x0000000000021f20       0x44 networking/lib.a(interface.o)
 .text.in_ib    0x0000000000021f64       0x28 networking/lib.a(interface.o)
                0x0000000000021f64                in_ib
 .text.add_interface
                0x0000000000021f8c       0xb4 networking/lib.a(interface.o)
 .text.if_readconf
                0x0000000000022040       0xe0 networking/lib.a(interface.o)
 .text.if_readlist_proc
                0x0000000000022120      0x2a4 networking/lib.a(interface.o)
 .text.do_if_fetch
                0x00000000000223c4      0x2e4 networking/lib.a(interface.o)
 .text.print_bytes_scaled
                0x00000000000226a8       0x88 networking/lib.a(interface.o)
 .text.ife_print
                0x0000000000022730      0x6d4 networking/lib.a(interface.o)
 .text.display_interfaces
                0x0000000000022e04       0xe0 networking/lib.a(interface.o)
                0x0000000000022e04                display_interfaces
 .text.ip_print_help
                0x0000000000022ee4        0x8 networking/lib.a(ip.o)
 .text.ip_main  0x0000000000022eec       0x50 networking/lib.a(ip.o)
                0x0000000000022eec                ip_main
 .text.nc_main  0x0000000000022f3c      0x1a0 networking/lib.a(nc.o)
                0x0000000000022f3c                nc_main
 .text.unix_do_one
                0x00000000000230dc      0x2e4 networking/lib.a(netstat.o)
 .text.build_ipv6_addr
                0x00000000000233c0       0x64 networking/lib.a(netstat.o)
 .text.scan_inet_proc_line
                0x0000000000023424       0xdc networking/lib.a(netstat.o)
 .text.ip_port_str
                0x0000000000023500       0x94 networking/lib.a(netstat.o)
 .text.print_inet_line
                0x0000000000023594       0xb4 networking/lib.a(netstat.o)
 .text.raw_do_one
                0x0000000000023648       0x98 networking/lib.a(netstat.o)
 .text.udp_do_one
                0x00000000000236e0       0xd0 networking/lib.a(netstat.o)
 .text.tcp_do_one
                0x00000000000237b0       0x68 networking/lib.a(netstat.o)
 .text.do_info  0x0000000000023818       0x80 networking/lib.a(netstat.o)
 .text.netstat_main
                0x0000000000023898      0x21c networking/lib.a(netstat.o)
                0x0000000000023898                netstat_main
 .text.set_default_dns
                0x0000000000023ab4       0x68 networking/lib.a(nslookup.o)
 .text.print_host
                0x0000000000023b1c       0xfc networking/lib.a(nslookup.o)
 .text.nslookup_main
                0x0000000000023c18       0x8c networking/lib.a(nslookup.o)
                0x0000000000023c18                nslookup_main
 .text.kw_lookup
                0x0000000000023ca4       0x80 networking/lib.a(route.o)
 .text.INET6_displayroutes
                0x0000000000023d24      0x280 networking/lib.a(route.o)
 .text.INET6_setroute
                0x0000000000023fa4      0x310 networking/lib.a(route.o)
 .text.INET_setroute
                0x00000000000242b4      0x404 networking/lib.a(route.o)
 .text.bb_displayroutes
                0x00000000000246b8      0x234 networking/lib.a(route.o)
                0x00000000000246b8                bb_displayroutes
 .text.route_main
                0x00000000000248ec      0x158 networking/lib.a(route.o)
                0x00000000000248ec                route_main
 .text.put_iac2
                0x0000000000024a44       0x6c networking/lib.a(telnet.o)
 .text.setConMode
                0x0000000000024ab0       0xac networking/lib.a(telnet.o)
 .text.doexit   0x0000000000024b5c       0x34 networking/lib.a(telnet.o)
 .text.con_escape
                0x0000000000024b90      0x22c networking/lib.a(telnet.o)
 .text.handle_net_output
                0x0000000000024dbc       0xb4 networking/lib.a(telnet.o)
 .text.telnet_main
                0x0000000000024e70      0x9d4 networking/lib.a(telnet.o)
                0x0000000000024e70                telnet_main
 .text.tftp_main
                0x0000000000025844      0x570 networking/lib.a(tftp.o)
                0x0000000000025844                tftp_main
 .text.alarm_handler
                0x0000000000025db4       0x28 networking/lib.a(wget.o)
 .text.open_socket
                0x0000000000025ddc       0x54 networking/lib.a(wget.o)
 .text.base64enc
                0x0000000000025e30       0x44 networking/lib.a(wget.o)
 .text.fgets_and_trim
                0x0000000000025e74       0x70 networking/lib.a(wget.o)
 .text.reset_beg_range_to_zero
                0x0000000000025ee4       0x44 networking/lib.a(wget.o)
 .text.parse_url
                0x0000000000025f28      0x248 networking/lib.a(wget.o)
 .text.gethdr   0x0000000000026170      0x114 networking/lib.a(wget.o)
 .text.progress_meter
                0x0000000000026284      0x124 networking/lib.a(wget.o)
 .text.retrieve_file_data
                0x00000000000263a8      0x234 networking/lib.a(wget.o)
 .text.ftpcmd   0x00000000000265dc       0x88 networking/lib.a(wget.o)
 .text.wget_main
                0x0000000000026664      0xdd0 networking/lib.a(wget.o)
                0x0000000000026664                wget_main
 .text.ip_parse_common_args
                0x0000000000027434      0x114 networking/libiproute/lib.a(ip_parse_common_args.o)
                0x0000000000027434                ip_parse_common_args
 .text.store_nlmsg
                0x0000000000027548       0x6c networking/libiproute/lib.a(ipaddress.o)
 .text.flush_update
                0x00000000000275b4       0x54 networking/libiproute/lib.a(ipaddress.o)
 .text.print_addrinfo
                0x0000000000027608      0x5a8 networking/libiproute/lib.a(ipaddress.o)
 .text.print_linkinfo
                0x0000000000027bb0      0x3c0 networking/libiproute/lib.a(ipaddress.o)
 .text.ipaddr_modify
                0x0000000000027f70      0x4d0 networking/libiproute/lib.a(ipaddress.o)
 .text.ipaddr_list_or_flush
                0x0000000000028440      0x5f4 networking/libiproute/lib.a(ipaddress.o)
                0x0000000000028440                ipaddr_list_or_flush
 .text.do_ipaddr
                0x0000000000028a34       0x9c networking/libiproute/lib.a(ipaddress.o)
                0x0000000000028a34                do_ipaddr
 .text.get_ctl_fd
                0x0000000000028ad0       0x48 networking/libiproute/lib.a(iplink.o)
 .text.do_add_or_delete
                0x0000000000028b18      0x598 networking/libiproute/lib.a(iplink.o)
 .text.do_iplink
                0x00000000000290b0      0x580 networking/libiproute/lib.a(iplink.o)
                0x00000000000290b0                do_iplink
 .text.flush_update
                0x0000000000029630       0x54 networking/libiproute/lib.a(iproute.o)
 .text.print_route
                0x0000000000029684      0x7e4 networking/libiproute/lib.a(iproute.o)
 .text.iproute_get
                0x0000000000029e68      0x3d4 networking/libiproute/lib.a(iproute.o)
 .text.iproute_list_or_flush
                0x000000000002a23c      0x62c networking/libiproute/lib.a(iproute.o)
 .text.iproute_modify
                0x000000000002a868      0x510 networking/libiproute/lib.a(iproute.o)
 .text.do_iproute
                0x000000000002ad78       0xf8 networking/libiproute/lib.a(iproute.o)
                0x000000000002ad78                do_iproute
 .text.do_get_ioctl
                0x000000000002ae70       0x5c networking/libiproute/lib.a(iptunnel.o)
 .text.do_add_ioctl
                0x000000000002aecc       0xa8 networking/libiproute/lib.a(iptunnel.o)
 .text.do_del_ioctl
                0x000000000002af74       0x64 networking/libiproute/lib.a(iptunnel.o)
 .text.parse_args
                0x000000000002afd8      0x6b8 networking/libiproute/lib.a(iptunnel.o)
 .text.do_add   0x000000000002b690       0xb4 networking/libiproute/lib.a(iptunnel.o)
 .text.print_tunnel
                0x000000000002b744      0x31c networking/libiproute/lib.a(iptunnel.o)
 .text.do_tunnels_list
                0x000000000002ba60      0x290 networking/libiproute/lib.a(iptunnel.o)
 .text.do_iptunnel
                0x000000000002bcf0      0x1b0 networking/libiproute/lib.a(iptunnel.o)
                0x000000000002bcf0                do_iptunnel
 .text.xrtnl_open
                0x000000000002bea0       0x70 networking/libiproute/lib.a(libnetlink.o)
                0x000000000002bea0                xrtnl_open
 .text.rtnl_send
                0x000000000002bf10       0x3c networking/libiproute/lib.a(libnetlink.o)
                0x000000000002bf10                rtnl_send
 .text.xrtnl_wilddump_request
                0x000000000002bf4c       0x50 networking/libiproute/lib.a(libnetlink.o)
                0x000000000002bf4c                xrtnl_wilddump_request
 .text.xrtnl_dump_filter
                0x000000000002bf9c      0x264 networking/libiproute/lib.a(libnetlink.o)
                0x000000000002bf9c                xrtnl_dump_filter
 .text.rtnl_talk
                0x000000000002c200      0x2d0 networking/libiproute/lib.a(libnetlink.o)
                0x000000000002c200                rtnl_talk
 .text.addattr32
                0x000000000002c4d0       0x58 networking/libiproute/lib.a(libnetlink.o)
                0x000000000002c4d0                addattr32
 .text.addattr_l
                0x000000000002c528       0x6c networking/libiproute/lib.a(libnetlink.o)
                0x000000000002c528                addattr_l
 .text.rta_addattr32
                0x000000000002c594       0x58 networking/libiproute/lib.a(libnetlink.o)
                0x000000000002c594                rta_addattr32
 .text.parse_rtattr
                0x000000000002c5ec       0x88 networking/libiproute/lib.a(libnetlink.o)
                0x000000000002c5ec                parse_rtattr
 .text.ll_addr_n2a
                0x000000000002c674       0xcc networking/libiproute/lib.a(ll_addr.o)
                0x000000000002c674                ll_addr_n2a
 .text.ll_addr_a2n
                0x000000000002c740       0xfc networking/libiproute/lib.a(ll_addr.o)
                0x000000000002c740                ll_addr_a2n
 .text.ll_remember_index
                0x000000000002c83c      0x158 networking/libiproute/lib.a(ll_map.o)
                0x000000000002c83c                ll_remember_index
 .text.ll_index_to_name
                0x000000000002c994       0x74 networking/libiproute/lib.a(ll_map.o)
                0x000000000002c994                ll_index_to_name
 .text.ll_index_to_flags
                0x000000000002ca08       0x58 networking/libiproute/lib.a(ll_map.o)
                0x000000000002ca08                ll_index_to_flags
 .text.xll_name_to_index
                0x000000000002ca60       0x80 networking/libiproute/lib.a(ll_map.o)
                0x000000000002ca60                xll_name_to_index
 .text.ll_init_map
                0x000000000002cae0       0x30 networking/libiproute/lib.a(ll_map.o)
                0x000000000002cae0                ll_init_map
 .text.ll_type_n2a
                0x000000000002cb10       0x6c networking/libiproute/lib.a(ll_types.o)
                0x000000000002cb10                ll_type_n2a
 .text.rtnl_tab_initialize
                0x000000000002cb7c       0xb4 networking/libiproute/lib.a(rt_names.o)
 .text.rtnl_rtscope_initialize
                0x000000000002cc30       0x78 networking/libiproute/lib.a(rt_names.o)
 .text.rtnl_rtdsfield_initialize
                0x000000000002cca8       0x48 networking/libiproute/lib.a(rt_names.o)
 .text.rtnl_a2n
                0x000000000002ccf0       0xa4 networking/libiproute/lib.a(rt_names.o)
 .text.rtnl_rtprot_a2n
                0x000000000002cd94       0x9c networking/libiproute/lib.a(rt_names.o)
                0x000000000002cd94                rtnl_rtprot_a2n
 .text.rtnl_rtscope_n2a
                0x000000000002ce30       0x40 networking/libiproute/lib.a(rt_names.o)
                0x000000000002ce30                rtnl_rtscope_n2a
 .text.rtnl_rtscope_a2n
                0x000000000002ce70       0x30 networking/libiproute/lib.a(rt_names.o)
                0x000000000002ce70                rtnl_rtscope_a2n
 .text.rtnl_dsfield_n2a
                0x000000000002cea0       0x40 networking/libiproute/lib.a(rt_names.o)
                0x000000000002cea0                rtnl_dsfield_n2a
 .text.rtnl_dsfield_a2n
                0x000000000002cee0       0x30 networking/libiproute/lib.a(rt_names.o)
                0x000000000002cee0                rtnl_dsfield_a2n
 .text.rtnl_rtntype_n2a
                0x000000000002cf10       0xd0 networking/libiproute/lib.a(rtm_map.o)
                0x000000000002cf10                rtnl_rtntype_n2a
 .text.rtnl_rtntype_a2n
                0x000000000002cfe0       0xf0 networking/libiproute/lib.a(rtm_map.o)
                0x000000000002cfe0                rtnl_rtntype_a2n
 .text.get_unsigned
                0x000000000002d0d0       0x54 networking/libiproute/lib.a(utils.o)
                0x000000000002d0d0                get_unsigned
 .text.get_u32  0x000000000002d124        0x4 networking/libiproute/lib.a(utils.o)
                0x000000000002d124                get_u32
 .text.get_u16  0x000000000002d128       0x6c networking/libiproute/lib.a(utils.o)
                0x000000000002d128                get_u16
 .text.get_addr_1
                0x000000000002d194      0x184 networking/libiproute/lib.a(utils.o)
                0x000000000002d194                get_addr_1
 .text.get_addr
                0x000000000002d318       0x50 networking/libiproute/lib.a(utils.o)
                0x000000000002d318                get_addr
 .text.get_prefix
                0x000000000002d368      0x1f0 networking/libiproute/lib.a(utils.o)
                0x000000000002d368                get_prefix
 .text.get_addr32
                0x000000000002d558       0x50 networking/libiproute/lib.a(utils.o)
                0x000000000002d558                get_addr32
 .text.incomplete_command
                0x000000000002d5a8       0x10 networking/libiproute/lib.a(utils.o)
                0x000000000002d5a8                incomplete_command
 .text.invarg   0x000000000002d5b8       0x18 networking/libiproute/lib.a(utils.o)
                0x000000000002d5b8                invarg
 .text.duparg   0x000000000002d5d0       0x18 networking/libiproute/lib.a(utils.o)
                0x000000000002d5d0                duparg
 .text.duparg2  0x000000000002d5e8       0x18 networking/libiproute/lib.a(utils.o)
                0x000000000002d5e8                duparg2
 .text.inet_addr_match
                0x000000000002d600       0x70 networking/libiproute/lib.a(utils.o)
                0x000000000002d600                inet_addr_match
 .text.rt_addr_n2a
                0x000000000002d670       0x20 networking/libiproute/lib.a(utils.o)
                0x000000000002d670                rt_addr_n2a
 .text.alloc_dhcp_option
                0x000000000002d690       0x54 networking/udhcp/lib.a(dhcpc.o)
 .text.init_packet
                0x000000000002d6e4       0x74 networking/udhcp/lib.a(dhcpc.o)
 .text.add_client_options
                0x000000000002d758      0x110 networking/udhcp/lib.a(dhcpc.o)
 .text.send_discover
                0x000000000002d868       0x8c networking/udhcp/lib.a(dhcpc.o)
 .text.send_select
                0x000000000002d8f4       0xa4 networking/udhcp/lib.a(dhcpc.o)
 .text.send_decline
                0x000000000002d998       0x88 networking/udhcp/lib.a(dhcpc.o)
 .text.bcast_or_ucast
                0x000000000002da20       0x60 networking/udhcp/lib.a(dhcpc.o)
 .text.send_renew
                0x000000000002da80       0x54 networking/udhcp/lib.a(dhcpc.o)
 .text.send_release
                0x000000000002dad4       0x54 networking/udhcp/lib.a(dhcpc.o)
 .text.udhcp_recv_raw_packet
                0x000000000002db28      0x210 networking/udhcp/lib.a(dhcpc.o)
 .text.client_background
                0x000000000002dd38       0x34 networking/udhcp/lib.a(dhcpc.o)
 .text.change_listen_mode
                0x000000000002dd6c       0xb8 networking/udhcp/lib.a(dhcpc.o)
 .text.xmalloc_optname_optval.isra.0
                0x000000000002de24      0x440 networking/udhcp/lib.a(dhcpc.o)
 .text.udhcp_run_script
                0x000000000002e264      0x3ec networking/udhcp/lib.a(dhcpc.o)
 .text.perform_release
                0x000000000002e650       0xa8 networking/udhcp/lib.a(dhcpc.o)
 .text.udhcpc_main
                0x000000000002e6f8      0xc64 networking/udhcp/lib.a(dhcpc.o)
                0x000000000002e6f8                udhcpc_main
 .text.select_lease_time
                0x000000000002f35c       0x48 networking/udhcp/lib.a(dhcpd.o)
 .text.init_packet
                0x000000000002f3a4       0x60 networking/udhcp/lib.a(dhcpd.o)
 .text.add_server_options
                0x000000000002f404       0x7c networking/udhcp/lib.a(dhcpd.o)
 .text.send_packet
                0x000000000002f480       0x94 networking/udhcp/lib.a(dhcpd.o)
 .text.send_offer
                0x000000000002f514      0x154 networking/udhcp/lib.a(dhcpd.o)
 .text.send_ACK
                0x000000000002f668       0xa0 networking/udhcp/lib.a(dhcpd.o)
 .text.send_NAK
                0x000000000002f708       0x2c networking/udhcp/lib.a(dhcpd.o)
 .text.send_inform
                0x000000000002f734       0x34 networking/udhcp/lib.a(dhcpd.o)
 .text.udhcpd_main
                0x000000000002f768      0x5d8 networking/udhcp/lib.a(dhcpd.o)
                0x000000000002f768                udhcpd_main
 .text.dumpleases_main
                0x000000000002fd40      0x23c networking/udhcp/lib.a(dumpleases.o)
                0x000000000002fd40                dumpleases_main
 .text.read_staticlease
                0x000000000002ff7c       0x8c networking/udhcp/lib.a(files.o)
 .text.read_u32
                0x0000000000030008       0x34 networking/udhcp/lib.a(files.o)
 .text.read_str
                0x000000000003003c       0x28 networking/udhcp/lib.a(files.o)
 .text.read_config
                0x0000000000030064      0x140 networking/udhcp/lib.a(files.o)
                0x0000000000030064                read_config
 .text.write_leases
                0x00000000000301a4      0x110 networking/udhcp/lib.a(files.o)
                0x00000000000301a4                write_leases
 .text.read_leases
                0x00000000000302b4      0x12c networking/udhcp/lib.a(files.o)
                0x00000000000302b4                read_leases
 .text.add_lease
                0x00000000000303e0      0x198 networking/udhcp/lib.a(leases.o)
                0x00000000000303e0                add_lease
 .text.nobody_responds_to_arp
                0x0000000000030578       0x78 networking/udhcp/lib.a(leases.o)
 .text.is_expired_lease
                0x00000000000305f0       0x20 networking/udhcp/lib.a(leases.o)
                0x00000000000305f0                is_expired_lease
 .text.find_lease_by_mac
                0x0000000000030610       0x68 networking/udhcp/lib.a(leases.o)
                0x0000000000030610                find_lease_by_mac
 .text.find_lease_by_nip
                0x0000000000030678       0x80 networking/udhcp/lib.a(leases.o)
                0x0000000000030678                find_lease_by_nip
 .text.find_free_or_expired_nip
                0x00000000000306f8      0x13c networking/udhcp/lib.a(leases.o)
                0x00000000000306f8                find_free_or_expired_nip
 .text.udhcp_init_header
                0x0000000000030834       0x8c networking/udhcp/lib.a(packet.o)
                0x0000000000030834                udhcp_init_header
 .text.udhcp_recv_kernel_packet
                0x00000000000308c0       0x64 networking/udhcp/lib.a(packet.o)
                0x00000000000308c0                udhcp_recv_kernel_packet
 .text.udhcp_send_raw_packet
                0x0000000000030924      0x1c4 networking/udhcp/lib.a(packet.o)
                0x0000000000030924                udhcp_send_raw_packet
 .text.udhcp_send_kernel_packet
                0x0000000000030ae8      0x13c networking/udhcp/lib.a(packet.o)
                0x0000000000030ae8                udhcp_send_kernel_packet
 .text.signal_handler
                0x0000000000030c24       0x40 networking/udhcp/lib.a(signalpipe.o)
 .text.udhcp_sp_setup
                0x0000000000030c64       0x40 networking/udhcp/lib.a(signalpipe.o)
                0x0000000000030c64                udhcp_sp_setup
 .text.udhcp_sp_fd_set
                0x0000000000030ca4       0x94 networking/udhcp/lib.a(signalpipe.o)
                0x0000000000030ca4                udhcp_sp_fd_set
 .text.udhcp_sp_read
                0x0000000000030d38       0x6c networking/udhcp/lib.a(signalpipe.o)
                0x0000000000030d38                udhcp_sp_read
 .text.udhcp_read_interface
                0x0000000000030da4      0x114 networking/udhcp/lib.a(socket.o)
                0x0000000000030da4                udhcp_read_interface
 .text.udhcp_listen_socket
                0x0000000000030eb8       0xd0 networking/udhcp/lib.a(socket.o)
                0x0000000000030eb8                udhcp_listen_socket
 .text.add_static_lease
                0x0000000000030f88       0x54 networking/udhcp/lib.a(static_leases.o)
                0x0000000000030f88                add_static_lease
 .text.get_static_nip_by_mac
                0x0000000000030fdc       0x44 networking/udhcp/lib.a(static_leases.o)
                0x0000000000030fdc                get_static_nip_by_mac
 .text.is_nip_reserved
                0x0000000000031020       0x38 networking/udhcp/lib.a(static_leases.o)
                0x0000000000031020                is_nip_reserved
 .text.arpping  0x0000000000031058      0x1f8 networking/udhcp/lib.a(arpping.o)
                0x0000000000031058                arpping
 .text.attach_option
                0x0000000000031250      0x1c4 networking/udhcp/lib.a(common.o)
 .text.udhcp_option_idx
                0x0000000000031414       0x78 networking/udhcp/lib.a(common.o)
                0x0000000000031414                udhcp_option_idx
 .text.udhcp_get_option
                0x000000000003148c       0xbc networking/udhcp/lib.a(common.o)
                0x000000000003148c                udhcp_get_option
 .text.udhcp_end_option
                0x0000000000031548       0x44 networking/udhcp/lib.a(common.o)
                0x0000000000031548                udhcp_end_option
 .text.udhcp_add_binary_option
                0x000000000003158c       0x8c networking/udhcp/lib.a(common.o)
                0x000000000003158c                udhcp_add_binary_option
 .text.udhcp_add_simple_option
                0x0000000000031618       0x8c networking/udhcp/lib.a(common.o)
                0x0000000000031618                udhcp_add_simple_option
 .text.udhcp_find_option
                0x00000000000316a4       0x40 networking/udhcp/lib.a(common.o)
                0x00000000000316a4                udhcp_find_option
 .text.udhcp_str2nip
                0x00000000000316e4       0x38 networking/udhcp/lib.a(common.o)
                0x00000000000316e4                udhcp_str2nip
 .text.udhcp_str2optset
                0x000000000003171c      0x2cc networking/udhcp/lib.a(common.o)
                0x000000000003171c                udhcp_str2optset
 .text.sprint_nip6
                0x00000000000319e8       0x68 networking/udhcp/lib.a(common.o)
                0x00000000000319e8                sprint_nip6
 .text.free_main
                0x0000000000031a50      0x24c procps/lib.a(free.o)
                0x0000000000031a50                free_main
 .text.add_inode.isra.1
                0x0000000000031c9c       0x80 procps/lib.a(fuser.o)
 .text.scan_proc_net_or_maps
                0x0000000000031d1c      0x1ec procps/lib.a(fuser.o)
 .text.scan_recursive
                0x0000000000031f08      0x274 procps/lib.a(fuser.o)
 .text.fuser_main
                0x000000000003217c      0x1b4 procps/lib.a(fuser.o)
                0x000000000003217c                fuser_main
 .text.kill_main
                0x0000000000032330      0x368 procps/lib.a(kill.o)
                0x0000000000032330                kill_main
 .text.pidof_main
                0x0000000000032698       0xa8 procps/lib.a(pidof.o)
                0x0000000000032698                pidof_main
 .text.ps_main  0x0000000000032740      0x3a4 procps/lib.a(ps.o)
                0x0000000000032740                ps_main
 .text.renice_main
                0x0000000000032ae4      0x1d0 procps/lib.a(renice.o)
                0x0000000000032ae4                renice_main
 .text.sysctl_dots_to_slashes
                0x0000000000032cb4       0x90 procps/lib.a(sysctl.o)
 .text.sysctl_act_recursive
                0x0000000000032d44      0x35c procps/lib.a(sysctl.o)
 .text.sysctl_main
                0x00000000000330a0      0x134 procps/lib.a(sysctl.o)
                0x00000000000330a0                sysctl_main
 .text.pid_sort
                0x00000000000331d4       0x10 procps/lib.a(top.o)
 .text.mem_sort
                0x00000000000331e4       0x24 procps/lib.a(top.o)
 .text.pcpu_sort
                0x0000000000033208       0x10 procps/lib.a(top.o)
 .text.time_sort
                0x0000000000033218       0x24 procps/lib.a(top.o)
 .text.mult_lvl_cmp
                0x000000000003323c       0x54 procps/lib.a(top.o)
 .text.sig_catcher
                0x0000000000033290       0x30 procps/lib.a(top.o)
 .text.display_process_list
                0x00000000000332c0      0x524 procps/lib.a(top.o)
 .text.handle_input
                0x00000000000337e4      0x21c procps/lib.a(top.o)
 .text.read_cpu_jiffy.constprop.0
                0x0000000000033a00      0x198 procps/lib.a(top.o)
 .text.do_stats
                0x0000000000033b98      0x190 procps/lib.a(top.o)
 .text.top_main
                0x0000000000033d28      0x3b0 procps/lib.a(top.o)
                0x0000000000033d28                top_main
 .text.uptime_main
                0x00000000000340d8      0x14c procps/lib.a(uptime.o)
                0x00000000000340d8                uptime_main
 .text.watch_main
                0x0000000000034224      0x13c procps/lib.a(watch.o)
                0x0000000000034224                watch_main
 .text.prefix   0x0000000000034360       0x24 shell/lib.a(ash.o)
 .text.vpcmp    0x0000000000034384       0x5c shell/lib.a(ash.o)
 .text.findvar  0x00000000000343e0       0x94 shell/lib.a(ash.o)
 .text.lookupvar
                0x0000000000034474       0xb0 shell/lib.a(ash.o)
 .text.bltinlookup
                0x0000000000034524       0xd4 shell/lib.a(ash.o)
 .text.getstatus
                0x00000000000345f8       0x9c shell/lib.a(ash.o)
 .text.is_hidden_fd
                0x0000000000034694       0xac shell/lib.a(ash.o)
 .text.falsecmd
                0x0000000000034740        0x8 shell/lib.a(ash.o)
 .text.truecmd  0x0000000000034748        0x8 shell/lib.a(ash.o)
 .text.bltincmd
                0x0000000000034750       0x10 shell/lib.a(ash.o)
 .text.freealias
                0x0000000000034760       0x48 shell/lib.a(ash.o)
 .text.freeparam
                0x00000000000347a8       0x40 shell/lib.a(ash.o)
 .text.__lookupalias
                0x00000000000347e8       0x9c shell/lib.a(ash.o)
 .text.msort    0x0000000000034884       0xdc shell/lib.a(ash.o)
 .text.findkwd  0x0000000000034960       0x6c shell/lib.a(ash.o)
 .text.raise_exception
                0x00000000000349cc       0x2c shell/lib.a(ash.o)
 .text.raise_interrupt
                0x00000000000349f8       0x78 shell/lib.a(ash.o)
 .text.int_on   0x0000000000034a70       0x34 shell/lib.a(ash.o)
 .text.flush_stdout_stderr
                0x0000000000034aa4       0x28 shell/lib.a(ash.o)
 .text.clearcmdentry