Archive member included to satisfy reference by file (symbol)

arch/arm/lib/lib.a(lib1funcs.o)
                              arch/arm/mach-zynq/built-in.o (__aeabi_uidiv)
arch/arm/lib/lib.a(div0.o)    arch/arm/lib/lib.a(lib1funcs.o) (__div0)

Discarded input sections

 .data          0x0000000000000000        0x0 arch/arm/cpu/armv7/start.o
 .bss           0x0000000000000000        0x0 arch/arm/cpu/armv7/start.o
 .text.v7_arch_cp15_set_l2aux_ctrl
                0x0000000000000000        0x8 arch/arm/cpu/armv7/built-in.o
 .text.v7_arch_cp15_set_acr
                0x0000000000000000        0x8 arch/arm/cpu/armv7/built-in.o
 .text.sdelay   0x0000000000000000        0xc arch/arm/cpu/armv7/built-in.o
 .text.wait_on_value
                0x0000000000000000       0x34 arch/arm/cpu/armv7/built-in.o
 .data          0x0000000000000000        0x0 arch/arm/cpu/armv7/built-in.o
 .bss           0x0000000000000000        0x0 arch/arm/cpu/armv7/built-in.o
 .text.setup_board_tags
                0x0000000000000000        0x4 arch/arm/lib/built-in.o
 .text.enable_caches
                0x0000000000000000        0xc arch/arm/lib/built-in.o
 .text.invalidate_dcache_range
                0x0000000000000000        0x4 arch/arm/lib/built-in.o
 .text.flush_dcache_range
                0x0000000000000000        0x4 arch/arm/lib/built-in.o
 .text.flush_dcache_all
                0x0000000000000000        0xc arch/arm/lib/built-in.o
 .text.arm_init_before_mmu
                0x0000000000000000        0x4 arch/arm/lib/built-in.o
 .text.mmu_page_table_flush
                0x0000000000000000        0x4 arch/arm/lib/built-in.o
 .rodata.enable_caches.str1.1
                0x0000000000000000       0x1d arch/arm/lib/built-in.o
 .data          0x0000000000000000        0x0 arch/arm/lib/built-in.o
 .__secure_end  0x0000000000000000        0x0 arch/arm/lib/built-in.o
 .__secure_start
                0x0000000000000000        0x0 arch/arm/lib/built-in.o
 .bss           0x0000000000000000        0x0 arch/arm/lib/built-in.o
 .text.zynq_get_silicon_version
                0x0000000000000000       0x14 arch/arm/mach-zynq/built-in.o
 .text.zynq_clk_get_rate
                0x0000000000000000       0x20 arch/arm/mach-zynq/built-in.o
 .text.zynq_clk_get_name
                0x0000000000000000       0x18 arch/arm/mach-zynq/built-in.o
 .data          0x0000000000000000        0x0 arch/arm/mach-zynq/built-in.o
 .bss           0x0000000000000000        0x0 arch/arm/mach-zynq/built-in.o
 .text          0x0000000000000000        0x0 board/xilinx/zynq/built-in.o
 .data          0x0000000000000000        0x0 board/xilinx/zynq/built-in.o
 .bss           0x0000000000000000        0x0 board/xilinx/zynq/built-in.o
 .text          0x0000000000000000        0x0 cmd/built-in.o
 .text.invalidate_icache_all
                0x0000000000000000        0xc cmd/built-in.o
 .text.flush_dcache_all
                0x0000000000000000        0xc cmd/built-in.o
 .text.soc_clk_dump
                0x0000000000000000       0x18 cmd/built-in.o
 .text.name_to_gpio
                0x0000000000000000        0xc cmd/built-in.o
 .rodata.flush_dcache_all.str1.1
                0x0000000000000000       0x2e cmd/built-in.o
 .rodata.invalidate_icache_all.str1.1
                0x0000000000000000       0x33 cmd/built-in.o
 .rodata.soc_clk_dump.str1.1
                0x0000000000000000       0x11 cmd/built-in.o
 .data          0x0000000000000000        0x0 cmd/built-in.o
 .bss           0x0000000000000000        0x0 cmd/built-in.o
 .text          0x0000000000000000        0x0 common/built-in.o
 .text.hash_parse_string
                0x0000000000000000       0x68 common/built-in.o
 .text.hash_block
                0x0000000000000000       0x6c common/built-in.o
 .text.unset_local_var
                0x0000000000000000       0x9c common/built-in.o
 .text.arch_cpu_init
                0x0000000000000000        0x8 common/built-in.o
 .text.red_led_off
                0x0000000000000000        0x4 common/built-in.o
 .text.green_led_on
                0x0000000000000000        0x4 common/built-in.o
 .text.green_led_off
                0x0000000000000000        0x4 common/built-in.o
 .text.yellow_led_on
                0x0000000000000000        0x4 common/built-in.o
 .text.yellow_led_off
                0x0000000000000000        0x4 common/built-in.o
 .text.blue_led_on
                0x0000000000000000        0x4 common/built-in.o
 .text.blue_led_off
                0x0000000000000000        0x4 common/built-in.o
 .text.dram_init_banksize
                0x0000000000000000        0x4 common/built-in.o
 .text.arch_reserve_stacks
                0x0000000000000000        0x8 common/built-in.o
 .text.board_flash_wp_on
                0x0000000000000000        0x8 common/built-in.o
 .text.fixup_cpu
                0x0000000000000000        0x8 common/built-in.o
 .text.checkboard
                0x0000000000000000        0x8 common/built-in.o
 .text.env_flags_parse_varaccess_from_binflags
[...]
Memory Configuration

Name             Origin             Length             Attributes
*default*        0x0000000000000000 0xffffffffffffffff

Linker script and memory map

Address of section .text set to 0x4000000
                0x0000000000000000                . = 0x0
                0x0000000000000000                . = ALIGN (0x4)

.text           0x0000000004000000    0x4da30
 *(.__image_copy_start)
 .__image_copy_start
                0x0000000004000000        0x0 arch/arm/lib/built-in.o
                0x0000000004000000                __image_copy_start
 *(.vectors)
 .vectors       0x0000000004000000      0x2e8 arch/arm/lib/built-in.o
                0x0000000004000000                _start
                0x0000000004000020                _undefined_instruction
                0x0000000004000024                _software_interrupt
                0x0000000004000028                _prefetch_abort
                0x000000000400002c                _data_abort
                0x0000000004000030                _not_used
                0x0000000004000034                _irq
                0x0000000004000038                _fiq
                0x0000000004000040                IRQ_STACK_START_IN
 arch/arm/cpu/armv7/start.o(.text*)
 .text          0x00000000040002e8       0xb0 arch/arm/cpu/armv7/start.o
                0x00000000040002e8                reset
                0x00000000040002ec                save_boot_params_ret
                0x0000000004000328                c_runtime_cpu_setup
                0x0000000004000338                save_boot_params
                0x000000000400033c                cpu_init_cp15
                0x0000000004000390                cpu_init_crit
 *(.text*)
 .text          0x0000000004000398      0x148 arch/arm/cpu/armv7/built-in.o
                0x0000000004000398                __v7_flush_dcache_all
                0x000000000400042c                v7_flush_dcache_all
                0x000000000400043c                __v7_invalidate_dcache_all
                0x00000000040004d0                v7_invalidate_dcache_all
 .text.invalidate_icache_all
                0x00000000040004e0       0x18 arch/arm/cpu/armv7/built-in.o
                0x00000000040004e0                invalidate_icache_all
 .text.v7_outer_cache_enable
                0x00000000040004f8        0x4 arch/arm/cpu/armv7/built-in.o
                0x00000000040004f8                v7_outer_cache_enable
 .text.v7_outer_cache_disable
                0x00000000040004fc        0x4 arch/arm/cpu/armv7/built-in.o
                0x00000000040004fc                v7_outer_cache_disable
 .text.v7_outer_cache_flush_all
                0x0000000004000500        0x4 arch/arm/cpu/armv7/built-in.o
                0x0000000004000500                v7_outer_cache_flush_all
 .text.flush_dcache_all
                0x0000000004000504       0x10 arch/arm/cpu/armv7/built-in.o
                0x0000000004000504                flush_dcache_all
 .text.v7_outer_cache_inval_all
                0x0000000004000514        0x4 arch/arm/cpu/armv7/built-in.o
                0x0000000004000514                v7_outer_cache_inval_all
 .text.invalidate_dcache_all
                0x0000000004000518       0x10 arch/arm/cpu/armv7/built-in.o
                0x0000000004000518                invalidate_dcache_all
 .text.arm_init_before_mmu
                0x0000000004000528       0x28 arch/arm/cpu/armv7/built-in.o
                0x0000000004000528                arm_init_before_mmu
 .text.v7_outer_cache_flush_range
                0x0000000004000550        0x4 arch/arm/cpu/armv7/built-in.o
                0x0000000004000550                v7_outer_cache_flush_range
 .text.flush_dcache_range
                0x0000000004000554       0x38 arch/arm/cpu/armv7/built-in.o
                0x0000000004000554                flush_dcache_range
 .text.mmu_page_table_flush
                0x000000000400058c       0x24 arch/arm/cpu/armv7/built-in.o
                0x000000000400058c                mmu_page_table_flush
 .text.v7_outer_cache_inval_range
                0x00000000040005b0        0x4 arch/arm/cpu/armv7/built-in.o
                0x00000000040005b0                v7_outer_cache_inval_range
 .text.invalidate_dcache_range
                0x00000000040005b4       0xa8 arch/arm/cpu/armv7/built-in.o
                0x00000000040005b4                invalidate_dcache_range
 .text.cpu_cache_initialization
                0x000000000400065c        0x4 arch/arm/cpu/armv7/built-in.o
                0x000000000400065c                cpu_cache_initialization
 .text.cleanup_before_linux_select
                0x0000000004000660       0x4c arch/arm/cpu/armv7/built-in.o
                0x0000000004000660                cleanup_before_linux_select
 .text.cleanup_before_linux
                0x00000000040006ac        0x8 arch/arm/cpu/armv7/built-in.o
                0x00000000040006ac                cleanup_before_linux
 .text          0x00000000040006b4       0x90 arch/arm/lib/built-in.o
                0x00000000040006b4                _main
 .text.relocate_vectors
                0x0000000004000744       0x70 arch/arm/lib/built-in.o
                0x0000000004000744                relocate_vectors
                0x0000000004000750                relocate_code
 .text.arch_fixup_fdt
                0x00000000040007b4       0x34 arch/arm/lib/built-in.o
                0x00000000040007b4                arch_fixup_fdt
 .text.boot_jump_linux
                0x00000000040007e8       0xc4 arch/arm/lib/built-in.o
 .text.boot_prep_linux
                0x00000000040008ac       0x4c arch/arm/lib/built-in.o
 .text.arch_lmb_reserve
                0x00000000040008f8       0x24 arch/arm/lib/built-in.o
                0x00000000040008f8                arch_lmb_reserve
 .text.do_bootm_linux
                0x000000000400091c       0x58 arch/arm/lib/built-in.o
                0x000000000400091c                do_bootm_linux
 .text.boot_prep_vxworks
                0x0000000004000974       0x50 arch/arm/lib/built-in.o
                0x0000000004000974                boot_prep_vxworks
 .text.boot_jump_vxworks
                0x00000000040009c4        0xc arch/arm/lib/built-in.o
                0x00000000040009c4                boot_jump_vxworks
 .text.arch_reserve_stacks
                0x00000000040009d0       0x1c arch/arm/lib/built-in.o
                0x00000000040009d0                arch_reserve_stacks
 .text.interrupt_init
                0x00000000040009ec       0x1c arch/arm/lib/built-in.o
                0x00000000040009ec                interrupt_init
 .text.enable_interrupts
                0x0000000004000a08        0x4 arch/arm/lib/built-in.o
                0x0000000004000a08                enable_interrupts
 .text.disable_interrupts
                0x0000000004000a0c        0x8 arch/arm/lib/built-in.o
                0x0000000004000a0c                disable_interrupts
 .text.bad_mode
                0x0000000004000a14       0x10 arch/arm/lib/built-in.o
                0x0000000004000a14                bad_mode
 .text.show_regs
                0x0000000004000a24      0x174 arch/arm/lib/built-in.o
                0x0000000004000a24                show_regs
 .text.do_undefined_instruction
                0x0000000004000b98       0x24 arch/arm/lib/built-in.o
                0x0000000004000b98                do_undefined_instruction
 .text.do_software_interrupt
                0x0000000004000bbc       0x24 arch/arm/lib/built-in.o
                0x0000000004000bbc                do_software_interrupt
 .text.do_prefetch_abort
                0x0000000004000be0       0x24 arch/arm/lib/built-in.o
                0x0000000004000be0                do_prefetch_abort
 .text.do_data_abort
                0x0000000004000c04       0x24 arch/arm/lib/built-in.o
                0x0000000004000c04                do_data_abort
 .text.do_not_used
                0x0000000004000c28       0x24 arch/arm/lib/built-in.o
                0x0000000004000c28                do_not_used
 .text.do_fiq   0x0000000004000c4c       0x24 arch/arm/lib/built-in.o
                0x0000000004000c4c                do_fiq
 .text.do_irq   0x0000000004000c70       0x24 arch/arm/lib/built-in.o
                0x0000000004000c70                do_irq
 .text.reset_misc
                0x0000000004000c94        0x4 arch/arm/lib/built-in.o
                0x0000000004000c94                reset_misc
 .text.do_reset
                0x0000000004000c98       0x30 arch/arm/lib/built-in.o
                0x0000000004000c98                do_reset
 .text.flush_cache
                0x0000000004000cc8        0x8 arch/arm/lib/built-in.o
                0x0000000004000cc8                flush_cache
 .text.cp_delay
                0x0000000004000cd0       0x30 arch/arm/lib/built-in.o
 .text.cache_disable
                0x0000000004000d00       0x48 arch/arm/lib/built-in.o
 .text.arm_init_domains
                0x0000000004000d48        0x4 arch/arm/lib/built-in.o
                0x0000000004000d48                arm_init_domains
 .text.set_section_dcache
                0x0000000004000d4c       0x14 arch/arm/lib/built-in.o
                0x0000000004000d4c                set_section_dcache
 .text.mmu_set_region_dcache_behaviour
                0x0000000004000d60       0x4c arch/arm/lib/built-in.o
                0x0000000004000d60                mmu_set_region_dcache_behaviour
 .text.dram_bank_mmu_setup
                0x0000000004000dac       0x40 arch/arm/lib/built-in.o
                0x0000000004000dac                dram_bank_mmu_setup
 .text.icache_enable
                0x0000000004000dec       0x18 arch/arm/lib/built-in.o
                0x0000000004000dec                icache_enable
 .text.icache_disable
                0x0000000004000e04        0x8 arch/arm/lib/built-in.o
                0x0000000004000e04                icache_disable
 .text.icache_status
                0x0000000004000e0c        0xc arch/arm/lib/built-in.o
                0x0000000004000e0c                icache_status
 .text.dcache_enable
                0x0000000004000e18       0x78 arch/arm/lib/built-in.o
                0x0000000004000e18                dcache_enable
 .text.dcache_disable
                0x0000000004000e90        0x8 arch/arm/lib/built-in.o
                0x0000000004000e90                dcache_disable
 .text.dcache_status
                0x0000000004000e98        0xc arch/arm/lib/built-in.o
                0x0000000004000e98                dcache_status
 .text          0x0000000004000ea4       0x24 arch/arm/mach-zynq/built-in.o
                0x0000000004000ea4                lowlevel_init
 .text.timer_init
                0x0000000004000ec8       0x68 arch/arm/mach-zynq/built-in.o
                0x0000000004000ec8                timer_init
 .text.get_tbclk
                0x0000000004000f30        0x8 arch/arm/mach-zynq/built-in.o
                0x0000000004000f30                get_tbclk
 .text.arch_cpu_init
                0x0000000004000f38       0x60 arch/arm/mach-zynq/built-in.o
                0x0000000004000f38                arch_cpu_init
 .text.reset_cpu
                0x0000000004000f98        0xc arch/arm/mach-zynq/built-in.o
                0x0000000004000f98                reset_cpu
 .text.enable_caches
                0x0000000004000fa4        0x4 arch/arm/mach-zynq/built-in.o
                0x0000000004000fa4                enable_caches
 .text.zynq_ddrc_init
                0x0000000004000fa8       0x54 arch/arm/mach-zynq/built-in.o
                0x0000000004000fa8                zynq_ddrc_init
 .text.zynq_slcr_lock
                0x0000000004000ffc       0x2c arch/arm/mach-zynq/built-in.o
                0x0000000004000ffc                zynq_slcr_lock
 .text.zynq_slcr_unlock
                0x0000000004001028       0x2c arch/arm/mach-zynq/built-in.o
                0x0000000004001028                zynq_slcr_unlock
 .text.zynq_slcr_cpu_reset
                0x0000000004001054       0x24 arch/arm/mach-zynq/built-in.o
                0x0000000004001054                zynq_slcr_cpu_reset
 .text.zynq_slcr_gem_clk_setup
                0x0000000004001078       0x68 arch/arm/mach-zynq/built-in.o
                0x0000000004001078                zynq_slcr_gem_clk_setup
 .text.zynq_slcr_devcfg_disable
                0x00000000040010e0       0x30 arch/arm/mach-zynq/built-in.o
                0x00000000040010e0                zynq_slcr_devcfg_disable
 .text.zynq_slcr_devcfg_enable
                0x0000000004001110       0x24 arch/arm/mach-zynq/built-in.o
                0x0000000004001110                zynq_slcr_devcfg_enable
 .text.zynq_slcr_get_boot_mode
                0x0000000004001134        0xc arch/arm/mach-zynq/built-in.o
                0x0000000004001134                zynq_slcr_get_boot_mode
 .text.zynq_slcr_get_idcode
                0x0000000004001140       0x10 arch/arm/mach-zynq/built-in.o
                0x0000000004001140                zynq_slcr_get_idcode
 .text.zynq_slcr_get_mio_pin_status
                0x0000000004001150       0x94 arch/arm/mach-zynq/built-in.o
                0x0000000004001150                zynq_slcr_get_mio_pin_status
 .text.ddr2x_get_rate
                0x00000000040011e4       0x3c arch/arm/mach-zynq/built-in.o
 .text.ddr3x_get_rate
                0x0000000004001220       0x3c arch/arm/mach-zynq/built-in.o
 .text.zynq_clk_periph_get_rate
                0x000000000400125c       0x78 arch/arm/mach-zynq/built-in.o
 .text.__zynq_clk_pll_get_rate
                0x00000000040012d4       0x20 arch/arm/mach-zynq/built-in.o
 .text.zynq_clk_pll_get_rate
                0x00000000040012f4        0x8 arch/arm/mach-zynq/built-in.o
 .text.zynq_clk_periph_set_rate
                0x00000000040012fc      0x128 arch/arm/mach-zynq/built-in.o
 .text.zynq_clk_register_periph_clk
                0x0000000004001424       0x5c arch/arm/mach-zynq/built-in.o
 .text.zynq_clk_early_init
                0x0000000004001480       0x54 arch/arm/mach-zynq/built-in.o
                0x0000000004001480                zynq_clk_early_init
 .text.get_uart_clk
                0x00000000040014d4       0x50 arch/arm/mach-zynq/built-in.o
                0x00000000040014d4                get_uart_clk
 .text.set_cpu_clk_info
                0x0000000004001524      0x5fc arch/arm/mach-zynq/built-in.o
                0x0000000004001524                set_cpu_clk_info
 .text.zynq_clk_set_rate
                0x0000000004001b20       0x38 arch/arm/mach-zynq/built-in.o
                0x0000000004001b20                zynq_clk_set_rate
 .text.soc_clk_dump
                0x0000000004001b58       0x54 arch/arm/mach-zynq/built-in.o
                0x0000000004001b58                soc_clk_dump
 .text.board_init
                0x0000000004001bac       0xdc board/xilinx/zynq/built-in.o
                0x0000000004001bac                board_init
 .text.board_late_init
                0x0000000004001c88       0x54 board/xilinx/zynq/built-in.o
                0x0000000004001c88                board_late_init
 .text.checkboard
                0x0000000004001cdc       0x18 board/xilinx/zynq/built-in.o
                0x0000000004001cdc                checkboard
 .text.zynq_board_read_rom_ethaddr
                0x0000000004001cf4       0x80 board/xilinx/zynq/built-in.o
                0x0000000004001cf4                zynq_board_read_rom_ethaddr
 .text.dram_init_banksize
                0x0000000004001d74       0x18 board/xilinx/zynq/built-in.o
                0x0000000004001d74                dram_init_banksize
 .text.dram_init
                0x0000000004001d8c      0x1cc board/xilinx/zynq/built-in.o
                0x0000000004001d8c                dram_init
 .text.do_go_exec
                0x0000000004001f58       0x10 cmd/built-in.o
                0x0000000004001f58                do_go_exec
 .text.do_go    0x0000000004001f68       0x6c cmd/built-in.o
 .text.do_bootm
                0x0000000004001fd4      0x108 cmd/built-in.o
                0x0000000004001fd4                do_bootm
 .text.do_bootd
                0x00000000040020dc       0x20 cmd/built-in.o
                0x00000000040020dc                do_bootd
 .text.image_info
                0x00000000040020fc      0x11c cmd/built-in.o
 .text.do_iminfo
                0x0000000004002218       0x54 cmd/built-in.o
 .text.bootm_maybe_autostart
                0x000000000400226c       0x78 cmd/built-in.o
                0x000000000400226c                bootm_maybe_autostart
 .text.do_help  0x00000000040022e4       0x44 cmd/built-in.o
 .text.do_version
                0x0000000004002328       0x38 cmd/built-in.o
 .text.source   0x0000000004002360      0x1c4 cmd/built-in.o
                0x0000000004002360                source
 .text.do_source
                0x0000000004002524       0x70 cmd/built-in.o
 .text.print_num
                0x0000000004002594       0x14 cmd/built-in.o
 .text.do_bdinfo
                0x00000000040025a8       0xfc cmd/built-in.o
 .text.bootefi_open_dp
                0x00000000040026a4       0x14 cmd/built-in.o
 .text.do_bootefi_exec
                0x00000000040026b8      0x290 cmd/built-in.o
 .text.do_bootefi
                0x0000000004002948       0x8c cmd/built-in.o
 .text.efi_set_bootdev
                0x00000000040029d4       0xd4 cmd/built-in.o
                0x00000000040029d4                efi_set_bootdev
 .text.parse_argv
                0x0000000004002aa8       0x64 cmd/built-in.o
 .text.do_icache
                0x0000000004002b0c       0x88 cmd/built-in.o
 .text.do_dcache
                0x0000000004002b94       0x88 cmd/built-in.o
 .text.do_clk   0x0000000004002c1c       0x68 cmd/built-in.o
 .text.do_clk_dump
                0x0000000004002c84        0x4 cmd/built-in.o
 .text.do_coninfo
                0x0000000004002c88       0xb0 cmd/built-in.o
 .text.do_echo  0x0000000004002d38       0xb4 cmd/built-in.o
 .text.load_elf_image_shdr
                0x0000000004002dec       0x8c cmd/built-in.o
 .text.valid_elf_image
                0x0000000004002e78       0x4c cmd/built-in.o
                0x0000000004002e78                valid_elf_image
 .text.do_bootelf
                0x0000000004002ec4      0x1bc cmd/built-in.o
                0x0000000004002ec4                do_bootelf
 .text.do_bootvx
                0x0000000004003080      0x334 cmd/built-in.o
                0x0000000004003080                do_bootvx
 .text.do_exit  0x00000000040033b4       0x48 cmd/built-in.o
 .text.do_ext4_size
                0x00000000040033fc       0x18 cmd/built-in.o
                0x00000000040033fc                do_ext4_size
 .text.do_ext4_load
                0x0000000004003414       0x18 cmd/built-in.o
                0x0000000004003414                do_ext4_load
 .text.do_ext4_ls
                0x000000000400342c       0x18 cmd/built-in.o
                0x000000000400342c                do_ext4_ls
 .text.do_ext4_write
                0x0000000004003444       0x18 cmd/built-in.o
                0x0000000004003444                do_ext4_write
 .text.do_ext2load
                0x000000000400345c       0x18 cmd/built-in.o
                0x000000000400345c                do_ext2load
 .text.do_ext2ls
                0x0000000004003474       0x18 cmd/built-in.o
 .text.do_fat_size
                0x000000000400348c       0x18 cmd/built-in.o
                0x000000000400348c                do_fat_size
 .text.do_fat_fsload
                0x00000000040034a4       0x18 cmd/built-in.o
                0x00000000040034a4                do_fat_fsload
 .text.do_fat_ls
                0x00000000040034bc       0x18 cmd/built-in.o
 .text.do_fat_fswrite
                0x00000000040034d4      0x108 cmd/built-in.o
 .text.do_fat_fsinfo
                0x00000000040035dc       0x8c cmd/built-in.o
 .text.fdt_valid
                0x0000000004003668       0xbc cmd/built-in.o
 .text.is_printable_string
                0x0000000004003724       0x88 cmd/built-in.o
 .text.print_data
                0x00000000040037ac      0x170 cmd/built-in.o
 .text.set_working_fdt_addr
                0x000000000400391c       0x1c cmd/built-in.o
                0x000000000400391c                set_working_fdt_addr
 .text.do_fdt   0x0000000004003938      0xf18 cmd/built-in.o
 .text.do_fpga  0x0000000004004850      0x500 cmd/built-in.o
                0x0000000004004850                do_fpga
 .text.do_size_wrapper
                0x0000000004004d50       0x18 cmd/built-in.o
 .text.do_load_wrapper
                0x0000000004004d68       0x64 cmd/built-in.o
 .text.do_save_wrapper
                0x0000000004004dcc       0x18 cmd/built-in.o
 .text.do_ls_wrapper
                0x0000000004004de4       0x18 cmd/built-in.o
 .text.do_fstype_wrapper
                0x0000000004004dfc        0x4 cmd/built-in.o
 .text.gpio_get_description
                0x0000000004004e00       0xcc cmd/built-in.o
 .text.do_gpio  0x0000000004004ecc      0x350 cmd/built-in.o
 .text.do_i2c   0x000000000400521c       0x68 cmd/built-in.o
 .text.do_i2c_bus_speed
                0x0000000004005284       0x78 cmd/built-in.o
 .text.do_i2c_reset
                0x00000000040052fc       0x2c cmd/built-in.o
 .text.do_i2c_probe
                0x0000000004005328       0xa0 cmd/built-in.o
 .text.do_i2c_bus_num
                0x00000000040053c8       0xb8 cmd/built-in.o
 .text.do_i2c_show_bus
                0x0000000004005480       0xdc cmd/built-in.o
 .text.get_alen.constprop.5
                0x000000000400555c       0x3c cmd/built-in.o
 .text.do_i2c_crc
                0x0000000004005598      0x120 cmd/built-in.o
 .text.mod_i2c_mem.isra.3
                0x00000000040056b8      0x1ec cmd/built-in.o
 .text.do_i2c_nm
                0x00000000040058a4        0x8 cmd/built-in.o
 .text.do_i2c_mm
                0x00000000040058ac        0x8 cmd/built-in.o
 .text.do_i2c_md
                0x00000000040058b4      0x1e8 cmd/built-in.o
 .text.do_i2c_read
                0x0000000004005a9c       0xbc cmd/built-in.o
 .text.do_i2c_mw
                0x0000000004005b58       0xf8 cmd/built-in.o
 .text.do_i2c_write
                0x0000000004005c50      0x144 cmd/built-in.o
 .text.do_i2c_loop
                0x0000000004005d94       0xec cmd/built-in.o
 .text.i2c_init_board
                0x0000000004005e80        0x4 cmd/built-in.o
                0x0000000004005e80                i2c_init_board
 .text.evalexp  0x0000000004005e84       0x78 cmd/built-in.o
 .text.evalstr  0x0000000004005efc       0x64 cmd/built-in.o
 .text.binary_test
                0x0000000004005f60      0x1c0 cmd/built-in.o
 .text.do_itest
                0x0000000004006120       0x88 cmd/built-in.o
 .text.bin_data_init
                0x00000000040061a8       0x2c cmd/built-in.o
 .text.k_data_save
                0x00000000040061d4       0x4c cmd/built-in.o
 .text.k_data_restore
                0x0000000004006220       0x4c cmd/built-in.o
 .text.getcxmodem
                0x000000000400626c       0x20 cmd/built-in.o
 .text.load_serial_ymodem
                0x000000000400628c       0xc8 cmd/built-in.o
 .text.bin_data_char
                0x0000000004006354       0x2c cmd/built-in.o
 .text.chk1.constprop.2
                0x0000000004006380       0x30 cmd/built-in.o
 .text.s1_sendpacket.constprop.3
                0x00000000040063b0       0x4c cmd/built-in.o
 .text.load_serial
                0x00000000040063fc      0x1d8 cmd/built-in.o
 .text.do_load_serial
                0x00000000040065d4       0xdc cmd/built-in.o
 .text.do_load_serial_bin
                0x00000000040066b0      0x78c cmd/built-in.o
 .text.do_mem_mw
                0x0000000004006e3c       0xc0 cmd/built-in.o
 .text.do_mem_loop
                0x0000000004006efc       0xec cmd/built-in.o
 .text.do_mem_md
                0x0000000004006fe8       0xe8 cmd/built-in.o
 .text.do_mem_cmp
                0x00000000040070d0      0x154 cmd/built-in.o
 .text.do_mem_base
                0x0000000004007224       0x40 cmd/built-in.o
 .text.do_mem_cp
                0x0000000004007264       0xd8 cmd/built-in.o
 .text.do_mem_crc
                0x000000000400733c       0x48 cmd/built-in.o
 .text.mod_mem.isra.0
                0x0000000004007384      0x170 cmd/built-in.o
 .text.do_mem_mm
                0x00000000040074f4        0x8 cmd/built-in.o
 .text.do_mem_nm
                0x00000000040074fc        0x8 cmd/built-in.o
 .text.extract_range
                0x0000000004007504       0xe4 cmd/built-in.o
 .text.do_mii   0x00000000040075e8      0x8f8 cmd/built-in.o
 .text.do_mdio  0x0000000004007ee0      0x4e8 cmd/built-in.o
 .text.do_sleep
                0x00000000040083c8       0x70 cmd/built-in.o
 .text.do_mmcops
                0x0000000004008438       0xb8 cmd/built-in.o
 .text.init_mmc_device
                0x00000000040084f0       0x50 cmd/built-in.o
 .text.do_mmc_rescan
                0x0000000004008540       0x24 cmd/built-in.o
 .text.do_mmc_hwpartition
                0x0000000004008564      0x50c cmd/built-in.o
 .text.do_mmc_list
                0x0000000004008a70       0x14 cmd/built-in.o
 .text.do_mmc_dev
                0x0000000004008a84      0x134 cmd/built-in.o
 .text.do_mmc_erase
                0x0000000004008bb8       0xec cmd/built-in.o
 .text.do_mmc_write
                0x0000000004008ca4      0x104 cmd/built-in.o
 .text.do_mmc_read
                0x0000000004008da8       0xf0 cmd/built-in.o
 .text.do_mmcinfo
                0x0000000004008e98      0x36c cmd/built-in.o
 .text.do_mmc_setdsr
                0x0000000004009204       0xa8 cmd/built-in.o
 .text.do_mmc_part
                0x00000000040092ac       0x60 cmd/built-in.o
 .text.netboot_common
                0x000000000400930c      0x2c4 cmd/built-in.o
 .text.do_bootp
                0x00000000040095d0        0xc cmd/built-in.o
 .text.do_tftpput
                0x00000000040095dc        0xc cmd/built-in.o
                0x00000000040095dc                do_tftpput
 .text.do_dhcp  0x00000000040095e8        0xc cmd/built-in.o
 .text.do_nfs   0x00000000040095f4        0xc cmd/built-in.o
 .text.do_tftpb
                0x0000000004009600       0x40 cmd/built-in.o
                0x0000000004009600                do_tftpb
 .text.do_ping  0x0000000004009640       0x78 cmd/built-in.o
 .text.bytes_per_second
                0x00000000040096b8       0x50 cmd/built-in.o
 .text.do_spi_flash
                0x0000000004009708      0x894 cmd/built-in.o
 .text.do_false
                0x0000000004009f9c        0x8 cmd/built-in.o
 .text.do_true  0x0000000004009fa4        0x8 cmd/built-in.o
 .text.do_test  0x0000000004009fac      0x328 cmd/built-in.o
 .text.usb_get_class_desc
                0x000000000400a2d4       0xbc cmd/built-in.o
 .text.usb_find_device
                0x000000000400a390       0x3c cmd/built-in.o
 .text.usb_show_tree_graph
                0x000000000400a3cc      0x230 cmd/built-in.o
 .text.usb_display_class_sub
                0x000000000400a5fc      0x170 cmd/built-in.o
 .text.usb_display_string
                0x000000000400a76c       0x44 cmd/built-in.o
 .text.usb_display_config
                0x000000000400a7b0      0x210 cmd/built-in.o
 .text.do_usbboot
                0x000000000400a9c0        0xc cmd/built-in.o
 .text.usb_display_desc.part.1
                0x000000000400a9cc      0x12c cmd/built-in.o
 .text.do_usb_start
                0x000000000400aaf8       0x30 cmd/built-in.o
 .text.usb_show_tree
                0x000000000400ab28       0x54 cmd/built-in.o
                0x000000000400ab28                usb_show_tree
 .text.do_usb   0x000000000400ab7c      0x760 cmd/built-in.o
 .text.do_thor_down
                0x000000000400b2dc      0x108 cmd/built-in.o
                0x000000000400b2dc                do_thor_down
 .text.do_imgextract
                0x000000000400b3e4      0x3b8 cmd/built-in.o
 .text.do_spl   0x000000000400b79c      0x1a8 cmd/built-in.o
 .text.do_dfu   0x000000000400b944      0x16c cmd/built-in.o
 .text.do_env_delete
                0x000000000400bab0       0xa0 cmd/built-in.o
 .text.do_env_exists
                0x000000000400bb50       0x64 cmd/built-in.o
 .text.do_env_save
                0x000000000400bbb4       0x2c cmd/built-in.o
 .text.do_env   0x000000000400bbe0       0x68 cmd/built-in.o
 .text.env_print
                0x000000000400bc48       0xc4 cmd/built-in.o
 .text.do_env_print
                0x000000000400bd0c       0xc4 cmd/built-in.o
 .text.do_env_import
                0x000000000400bdd0      0x280 cmd/built-in.o
 .text.do_env_default
                0x000000000400c050       0x9c cmd/built-in.o
 .text._do_env_set.isra.0
                0x000000000400c0ec      0x1b4 cmd/built-in.o
 .text.do_env_set
                0x000000000400c2a0       0x20 cmd/built-in.o
 .text.get_env_id
                0x000000000400c2c0       0x10 cmd/built-in.o
                0x000000000400c2c0                get_env_id
 .text.setenv   0x000000000400c2d0       0x60 cmd/built-in.o
                0x000000000400c2d0                setenv
 .text.setenv_ulong
                0x000000000400c330       0x20 cmd/built-in.o
                0x000000000400c330                setenv_ulong
 .text.setenv_hex
                0x000000000400c350       0x34 cmd/built-in.o
                0x000000000400c350                setenv_hex
 .text.do_env_export
                0x000000000400c384      0x24c cmd/built-in.o
 .text.envmatch
                0x000000000400c5d0       0x68 cmd/built-in.o
                0x000000000400c5d0                envmatch
 .text.getenv_f
                0x000000000400c638       0xcc cmd/built-in.o
                0x000000000400c638                getenv_f
 .text.getenv   0x000000000400c704       0x78 cmd/built-in.o
                0x000000000400c704                getenv
 .text.getenv_hex
                0x000000000400c77c       0x3c cmd/built-in.o
                0x000000000400c77c                getenv_hex
 .text.getenv_ulong
                0x000000000400c7b8       0x30 cmd/built-in.o
                0x000000000400c7b8                getenv_ulong
 .text.do_env_edit.part.3
                0x000000000400c7e8       0xa4 cmd/built-in.o
 .text.do_env_edit
                0x000000000400c88c       0x2c cmd/built-in.o
 .text.common_diskboot
                0x000000000400c8b8      0x2a4 cmd/built-in.o
                0x000000000400c8b8                common_diskboot
 .text.board_init_f_alloc_reserve
                0x000000000400cb5c       0x10 common/built-in.o
                0x000000000400cb5c                board_init_f_alloc_reserve
 .text.board_init_f_init_reserve
                0x000000000400cb6c       0x20 common/built-in.o
                0x000000000400cb6c                board_init_f_init_reserve
 .text.show_boot_progress
                0x000000000400cb8c        0x8 common/built-in.o
                0x000000000400cb8c                show_boot_progress
 .text.main_loop
                0x000000000400cb94       0x6c common/built-in.o
                0x000000000400cb94                main_loop
 .text.dummy    0x000000000400cc00        0x4 common/built-in.o
 .text.get_version
                0x000000000400cc04        0x8 common/built-in.o
                0x000000000400cc04                get_version
 .text.jumptable_init
                0x000000000400cc0c      0x1e0 common/built-in.o
                0x000000000400cc0c                jumptable_init
 .text.hash_finish_crc32
                0x000000000400cdec       0x30 common/built-in.o
 .text.hash_update_crc32
                0x000000000400ce1c       0x24 common/built-in.o
 .text.hash_init_crc32
                0x000000000400ce40       0x24 common/built-in.o
 .text.hash_finish_sha256
                0x000000000400ce64       0x38 common/built-in.o
 .text.hash_update_sha256
                0x000000000400ce9c       0x1c common/built-in.o
 .text.hash_init_sha256
                0x000000000400ceb8       0x24 common/built-in.o
 .text.hash_finish_sha1
                0x000000000400cedc       0x38 common/built-in.o
 .text.hash_update_sha1
                0x000000000400cf14       0x1c common/built-in.o
 .text.hash_init_sha1
                0x000000000400cf30       0x24 common/built-in.o
 .text.hash_lookup_algo
                0x000000000400cf54       0x54 common/built-in.o
                0x000000000400cf54                hash_lookup_algo
 .text.hash_progressive_lookup_algo
                0x000000000400cfa8       0x60 common/built-in.o
                0x000000000400cfa8                hash_progressive_lookup_algo
 .text.hash_command
                0x000000000400d008      0x1bc common/built-in.o
                0x000000000400d008                hash_command
 .text.b_reset  0x000000000400d1c4       0x1c common/built-in.o
 .text.static_get
                0x000000000400d1e0       0x1c common/built-in.o
 .text.static_peek
                0x000000000400d1fc        0xc common/built-in.o
 .text.mapset   0x000000000400d208       0x20 common/built-in.o
 .text.syntax_err
                0x000000000400d228        0xc common/built-in.o
 .text.free_pipe_list
                0x000000000400d234       0xe4 common/built-in.o
 .text.xmalloc  0x000000000400d318       0x20 common/built-in.o
 .text.new_pipe
                0x000000000400d338       0x28 common/built-in.o
 .text.xrealloc
                0x000000000400d360       0x20 common/built-in.o
 .text.done_command
                0x000000000400d380       0x88 common/built-in.o
 .text.done_pipe
                0x000000000400d408       0x48 common/built-in.o
 .text.done_word
                0x000000000400d450      0x2cc common/built-in.o
 .text.is_assignment
                0x000000000400d71c       0x5c common/built-in.o
 .text.file_get
                0x000000000400d778      0x1ec common/built-in.o
 .text.do_showvar
                0x000000000400d964      0x100 common/built-in.o
 .text.b_addchr
                0x000000000400da64       0x80 common/built-in.o
 .text.b_addqchr
                0x000000000400dae4       0x50 common/built-in.o
 .text.file_peek
                0x000000000400db34        0xc common/built-in.o
 .text.get_local_var
                0x000000000400db40       0x94 common/built-in.o
                0x000000000400db40                get_local_var
 .text.set_local_var
                0x000000000400dbd4      0x1a8 common/built-in.o
                0x000000000400dbd4                set_local_var
 .text.insert_var_value_sub
                0x000000000400dd7c      0x2b8 common/built-in.o
 .text.parse_string_outer
                0x000000000400e034       0xe8 common/built-in.o
                0x000000000400e034                parse_string_outer
 .text.run_list_real
                0x000000000400e11c      0x7b0 common/built-in.o
 .text.parse_stream_outer
                0x000000000400e8cc      0x6c0 common/built-in.o
 .text.parse_file_outer
                0x000000000400ef8c       0x44 common/built-in.o
                0x000000000400ef8c                parse_file_outer
 .text.u_boot_hush_start
                0x000000000400efd0       0x54 common/built-in.o
                0x000000000400efd0                u_boot_hush_start
 .text.bootdelay_process
                0x000000000400f024       0xbc common/built-in.o
                0x000000000400f024                bootdelay_process
 .text.autoboot_command
                0x000000000400f0e0       0xf4 common/built-in.o
                0x000000000400f0e0                autoboot_command
 .text.print_cpuinfo
                0x000000000400f1d4        0x8 common/built-in.o
 .text.display_text_info
                0x000000000400f1dc        0x8 common/built-in.o
 .text.setup_mon_len
                0x000000000400f1e4       0x20 common/built-in.o
 .text.reserve_round_4k
                0x000000000400f204       0x18 common/built-in.o
 .text.reserve_mmu
                0x000000000400f21c       0x38 common/built-in.o
 .text.reserve_uboot
                0x000000000400f254       0x30 common/built-in.o
 .text.reserve_malloc
                0x000000000400f284       0x18 common/built-in.o
 .text.reserve_global_data
                0x000000000400f29c       0x1c common/built-in.o
 .text.arch_cpu_init_dm
                0x000000000400f2b8        0x8 common/built-in.o
                0x000000000400f2b8                arch_cpu_init_dm
 .text.announce_dram_init
                0x000000000400f2c0       0x18 common/built-in.o
 .text.init_func_i2c
                0x000000000400f2d8       0x28 common/built-in.o
 .text.init_baud_rate
                0x000000000400f300       0x2c common/built-in.o
 .text.mark_bootstage
                0x000000000400f32c       0x14 common/built-in.o
 .text.initf_dm
                0x000000000400f340        0x8 common/built-in.o
 .text.setup_reloc
                0x000000000400f348       0x3c common/built-in.o
 .text.reserve_board
                0x000000000400f384       0x40 common/built-in.o
 .text.reserve_arch
                0x000000000400f3c4        0x8 common/built-in.o
                0x000000000400f3c4                reserve_arch
 .text.reserve_trace
                0x000000000400f3cc        0x8 common/built-in.o
 .text.setup_machine
                0x000000000400f3d4        0x8 common/built-in.o
 .text.reserve_fdt
                0x000000000400f3dc        0x8 common/built-in.o
 .text.display_new_sp
                0x000000000400f3e4        0x8 common/built-in.o
 .text.reloc_fdt
                0x000000000400f3ec        0x8 common/built-in.o
 .text.initf_console_record
                0x000000000400f3f4        0x8 common/built-in.o
 .text.coloured_LED_init
                0x000000000400f3fc        0x4 common/built-in.o
                0x000000000400f3fc                coloured_LED_init
 .text.red_led_on
                0x000000000400f400        0x4 common/built-in.o
                0x000000000400f400                red_led_on
 .text.board_add_ram_info
                0x000000000400f404        0x4 common/built-in.o
                0x000000000400f404                board_add_ram_info
 .text.show_dram_config
                0x000000000400f408       0x38 common/built-in.o
 .text.setup_dram_config
                0x000000000400f440       0x10 common/built-in.o
 .text.board_get_usable_ram_top
                0x000000000400f450        0x8 common/built-in.o
                0x000000000400f450                board_get_usable_ram_top
 .text.board_reserve_ram_top
                0x000000000400f458        0x4 common/built-in.o
                0x000000000400f458                board_reserve_ram_top
 .text.setup_dest_addr
                0x000000000400f45c       0x44 common/built-in.o
 .text.reserve_stacks
                0x000000000400f4a0       0x1c common/built-in.o
 .text.board_init_f
                0x000000000400f4bc       0x28 common/built-in.o
                0x000000000400f4bc                board_init_f
 .text.bootstage_relocate
                0x000000000400f4e4        0x8 common/built-in.o
 .text.initr_trace
                0x000000000400f4ec        0x8 common/built-in.o
 .text.initr_reloc
                0x000000000400f4f4       0x18 common/built-in.o
 .text.run_main_loop
                0x000000000400f50c        0xc common/built-in.o
 .text.initr_net
                0x000000000400f518       0x1c common/built-in.o
 .text.initr_ethaddr
                0x000000000400f534       0x20 common/built-in.o
 .text.initr_enable_interrupts
                0x000000000400f554       0x10 common/built-in.o
 .text.initr_jumptable
                0x000000000400f564       0x10 common/built-in.o
 .text.initr_env
                0x000000000400f574       0x64 common/built-in.o
 .text.initr_mmc
                0x000000000400f5d8       0x20 common/built-in.o
 .text.initr_serial
                0x000000000400f5f8       0x10 common/built-in.o
 .text.initr_bootstage
                0x000000000400f608       0x14 common/built-in.o
 .text.initr_dm
                0x000000000400f61c       0x14 common/built-in.o
 .text.initr_malloc
                0x000000000400f630       0x24 common/built-in.o
 .text.initr_reloc_global_data
                0x000000000400f654       0x48 common/built-in.o
 .text.initr_caches
                0x000000000400f69c       0x10 common/built-in.o
 .text.initr_announce
                0x000000000400f6ac        0x8 common/built-in.o
 .text.initr_barrier
                0x000000000400f6b4        0x8 common/built-in.o
 .text.initr_console_record
                0x000000000400f6bc        0x8 common/built-in.o
 .text.power_init_board
                0x000000000400f6c4        0x8 common/built-in.o
                0x000000000400f6c4                power_init_board
 .text.cpu_secondary_init_r
                0x000000000400f6cc        0x4 common/built-in.o
                0x000000000400f6cc                cpu_secondary_init_r
 .text.initr_secondary_cpu
                0x000000000400f6d0       0x10 common/built-in.o
 .text.board_init_r
                0x000000000400f6e0       0x14 common/built-in.o
                0x000000000400f6e0                board_init_r
 .text.show_board_info
                0x000000000400f6f4       0x38 common/built-in.o
                0x000000000400f6f4                show_board_info
 .text.bootm_find_images
                0x000000000400f72c      0x100 common/built-in.o
                0x000000000400f72c                bootm_find_images
 .text.bootm_decomp_image
                0x000000000400f82c      0x140 common/built-in.o
                0x000000000400f82c                bootm_decomp_image
 .text.bootm_disable_interrupts
                0x000000000400f96c       0x18 common/built-in.o
                0x000000000400f96c                bootm_disable_interrupts
 .text.do_bootm_states
                0x000000000400f984      0x8ac common/built-in.o
                0x000000000400f984                do_bootm_states
 .text.copy_args
                0x0000000004010230       0x4c common/built-in.o
 .text.do_bootm_rtems
                0x000000000401027c       0x70 common/built-in.o
 .text.do_bootm_plan9
                0x00000000040102ec       0xd4 common/built-in.o
 .text.do_bootm_standalone
                0x00000000040103c0       0x64 common/built-in.o
 .text.do_bootm_qnxelf
                0x0000000004010424       0x8c common/built-in.o
 .text.do_bootm_netbsd
                0x00000000040104b0      0x128 common/built-in.o
 .text.do_bootvx_fdt
                0x00000000040105d8      0x114 common/built-in.o
                0x00000000040105d8                do_bootvx_fdt
 .text.do_bootm_vxworks
                0x00000000040106ec       0x54 common/built-in.o
 .text.arch_preboot_os
                0x0000000004010740        0x4 common/built-in.o
                0x0000000004010740                arch_preboot_os
 .text.boot_selected_os
                0x0000000004010744       0x58 common/built-in.o
                0x0000000004010744                boot_selected_os
 .text.bootm_os_get_boot_func
                0x000000000401079c       0x10 common/built-in.o
                0x000000000401079c                bootm_os_get_boot_func
 .text.regex_callback
                0x00000000040107ac      0x130 common/built-in.o
 .text.env_attr_walk
                0x00000000040108dc      0x120 common/built-in.o
                0x00000000040108dc                env_attr_walk
 .text.env_attr_lookup
                0x00000000040109fc       0x84 common/built-in.o
                0x00000000040109fc                env_attr_lookup
 .text.clear_callback
                0x0000000004010a80       0x10 common/built-in.o
 .text.find_env_callback
                0x0000000004010a90       0x5c common/built-in.o
 .text.on_callbacks
                0x0000000004010aec       0x50 common/built-in.o
 .text.set_callback
                0x0000000004010b3c       0x9c common/built-in.o
 .text.env_callback_init
                0x0000000004010bd8       0xc4 common/built-in.o
                0x0000000004010bd8                env_callback_init
 .text.skip_num
                0x0000000004010c9c       0x6c common/built-in.o
 .text.clear_flags
                0x0000000004010d08       0x10 common/built-in.o
 .text.on_flags
                0x0000000004010d18       0x50 common/built-in.o
 .text.env_flags_parse_vartype
                0x0000000004010d68       0x50 common/built-in.o
                0x0000000004010d68                env_flags_parse_vartype
 .text.env_flags_parse_varaccess
                0x0000000004010db8       0x50 common/built-in.o
                0x0000000004010db8                env_flags_parse_varaccess
 .text.set_flags
                0x0000000004010e08       0xb0 common/built-in.o
 .text.eth_validate_ethaddr_str
                0x0000000004010eb8       0x94 common/built-in.o
                0x0000000004010eb8                eth_validate_ethaddr_str
 .text.env_flags_init
                0x0000000004010f4c       0xd8 common/built-in.o
                0x0000000004010f4c                env_flags_init
 .text.env_flags_validate
                0x0000000004011024      0x288 common/built-in.o
                0x0000000004011024                env_flags_validate
 .text.saveenv  0x00000000040112ac       0xdc common/built-in.o
                0x00000000040112ac                saveenv
 .text.env_relocate_spec
                0x0000000004011388       0xcc common/built-in.o
                0x0000000004011388                env_relocate_spec
 .text.env_init
                0x0000000004011454       0x1c common/built-in.o
                0x0000000004011454                env_init
 .text.of_bus_default_map
                0x0000000004011470       0xdc common/built-in.o
 .text.of_bus_default_translate
                0x000000000401154c       0xa4 common/built-in.o
 .text.of_bus_default_count_cells
                0x00000000040115f0       0x58 common/built-in.o
                0x00000000040115f0                of_bus_default_count_cells
 .text.fdt_find_and_setprop
                0x0000000004011648       0x70 common/built-in.o
                0x0000000004011648                fdt_find_and_setprop
 .text.fdt_find_or_add_subnode
                0x00000000040116b8       0x60 common/built-in.o
                0x00000000040116b8                fdt_find_or_add_subnode
 .text.fdt_root
                0x0000000004011718       0x90 common/built-in.o
                0x0000000004011718                fdt_root
 .text.fdt_initrd
                0x00000000040117a8      0x1d0 common/built-in.o
                0x00000000040117a8                fdt_initrd
 .text.fdt_chosen
                0x0000000004011978       0xa8 common/built-in.o
                0x0000000004011978                fdt_chosen
 .text.do_fixup_by_path
                0x0000000004011a20       0x54 common/built-in.o
                0x0000000004011a20                do_fixup_by_path
 .text.fdt_fixup_memory_banks
                0x0000000004011a74      0x1d8 common/built-in.o
                0x0000000004011a74                fdt_fixup_memory_banks
 .text.fdt_fixup_memory
                0x0000000004011c4c       0x20 common/built-in.o
                0x0000000004011c4c                fdt_fixup_memory
 .text.fdt_fixup_ethernet
                0x0000000004011c6c      0x1b0 common/built-in.o
                0x0000000004011c6c                fdt_fixup_ethernet
 .text.fdt_shrink_to_minimum
                0x0000000004011e1c       0xcc common/built-in.o
                0x0000000004011e1c                fdt_shrink_to_minimum
 .text.fdt_translate_address
                0x0000000004011ee8      0x294 common/built-in.o
                0x0000000004011ee8                fdt_translate_address
 .text.miiphy_get_dev_by_name
                0x000000000401217c       0x58 common/built-in.o
                0x000000000401217c                miiphy_get_dev_by_name
 .text.miiphy_init
                0x00000000040121d4       0x24 common/built-in.o
                0x00000000040121d4                miiphy_init
 .text.mdio_alloc
                0x00000000040121f8       0x30 common/built-in.o
                0x00000000040121f8                mdio_alloc
 .text.mdio_free
                0x0000000004012228        0x4 common/built-in.o
                0x0000000004012228                mdio_free
 .text.mdio_register
                0x000000000401222c       0x88 common/built-in.o
                0x000000000401222c                mdio_register
 .text.mdio_unregister
                0x00000000040122b4       0x3c common/built-in.o
                0x00000000040122b4                mdio_unregister
 .text.mdio_list_devices
                0x00000000040122f0       0xb0 common/built-in.o
                0x00000000040122f0                mdio_list_devices
 .text.miiphy_set_current_dev
                0x00000000040123a0       0x40 common/built-in.o
                0x00000000040123a0                miiphy_set_current_dev
 .text.miiphy_get_active_dev
                0x00000000040123e0       0x54 common/built-in.o
 .text.mdio_get_current_dev
                0x0000000004012434       0x10 common/built-in.o
                0x0000000004012434                mdio_get_current_dev
 .text.mdio_phydev_for_ethname
                0x0000000004012444       0x8c common/built-in.o
                0x0000000004012444                mdio_phydev_for_ethname
 .text.miiphy_get_current_dev
                0x00000000040124d0       0x18 common/built-in.o
                0x00000000040124d0                miiphy_get_current_dev
 .text.miiphy_read
                0x00000000040124e8       0x4c common/built-in.o
                0x00000000040124e8                miiphy_read
 .text.miiphy_write
                0x0000000004012534       0x40 common/built-in.o
                0x0000000004012534                miiphy_write
 .text.miiphy_listdev
                0x0000000004012574       0x78 common/built-in.o
                0x0000000004012574                miiphy_listdev
 .text.miiphy_info
                0x00000000040125ec       0x88 common/built-in.o
                0x00000000040125ec                miiphy_info
 .text.miiphy_speed
                0x0000000004012674       0x90 common/built-in.o
                0x0000000004012674                miiphy_speed
 .text.miiphy_duplex
                0x0000000004012704       0x90 common/built-in.o
                0x0000000004012704                miiphy_duplex
 .text.miiphy_is_1000base_x
                0x0000000004012794        0x8 common/built-in.o
                0x0000000004012794                miiphy_is_1000base_x
 .text.usb_set_maxpacket_ep
                0x000000000401279c       0x78 common/built-in.o
 .text.usb_stop
                0x0000000004012814       0x80 common/built-in.o
                0x0000000004012814                usb_stop
 .text.usb_disable_asynch
                0x0000000004012894       0x20 common/built-in.o
                0x0000000004012894                usb_disable_asynch
 .text.usb_control_msg
                0x00000000040128b4       0xbc common/built-in.o
                0x00000000040128b4                usb_control_msg
 .text.usb_get_descriptor
                0x0000000004012970       0x58 common/built-in.o
 .text.get_descriptor_len
                0x00000000040129c8       0x90 common/built-in.o
 .text.usb_get_string
                0x0000000004012a58       0x78 common/built-in.o
 .text.usb_string_sub
                0x0000000004012ad0      0x104 common/built-in.o
 .text.usb_bulk_msg
                0x0000000004012bd4       0x70 common/built-in.o
                0x0000000004012bd4                usb_bulk_msg
 .text.usb_maxpacket
                0x0000000004012c44       0x18 common/built-in.o
                0x0000000004012c44                usb_maxpacket
 .text.usb_clear_halt
                0x0000000004012c5c       0x90 common/built-in.o
                0x0000000004012c5c                usb_clear_halt
 .text.usb_get_configuration_len
                0x0000000004012cec       0x74 common/built-in.o
                0x0000000004012cec                usb_get_configuration_len
 .text.usb_get_configuration_no
                0x0000000004012d60       0x34 common/built-in.o
                0x0000000004012d60                usb_get_configuration_no
 .text.usb_set_interface
                0x0000000004012d94       0xb4 common/built-in.o
                0x0000000004012d94                usb_set_interface
 .text.usb_string
                0x0000000004012e48      0x104 common/built-in.o
                0x0000000004012e48                usb_string
 .text.usb_get_dev_index
                0x0000000004012f4c       0x24 common/built-in.o
                0x0000000004012f4c                usb_get_dev_index
 .text.usb_alloc_new_device
                0x0000000004012f70       0x8c common/built-in.o
                0x0000000004012f70                usb_alloc_new_device
 .text.usb_free_device
                0x0000000004012ffc       0x48 common/built-in.o
                0x0000000004012ffc                usb_free_device
 .text.usb_alloc_device
                0x0000000004013044        0x8 common/built-in.o
                0x0000000004013044                usb_alloc_device
 .text.usb_select_config
                0x000000000401304c      0x460 common/built-in.o
                0x000000000401304c                usb_select_config
 .text.usb_setup_device
                0x00000000040134ac      0x164 common/built-in.o
                0x00000000040134ac                usb_setup_device
 .text.usb_new_device
                0x0000000004013610       0x30 common/built-in.o
                0x0000000004013610                usb_new_device
 .text.usb_init
                0x0000000004013640      0x174 common/built-in.o
                0x0000000004013640                usb_init
 .text.board_usb_init
                0x00000000040137b4        0x8 common/built-in.o
                0x00000000040137b4                board_usb_init
 .text.board_usb_cleanup
                0x00000000040137bc        0x8 common/built-in.o
                0x00000000040137bc                board_usb_cleanup
 .text.usb_device_has_child_on_port
                0x00000000040137c4       0x14 common/built-in.o
                0x00000000040137c4                usb_device_has_child_on_port
 .text.usb_find_usb2_hub_address_port
                0x00000000040137d8       0x5c common/built-in.o
                0x00000000040137d8                usb_find_usb2_hub_address_port
 .text.usb_set_port_feature
                0x0000000004013834       0x4c common/built-in.o
 .text.usb_clear_port_feature
                0x0000000004013880       0x4c common/built-in.o
 .text.usb_get_hub_descriptor
                0x00000000040138cc       0x4c common/built-in.o
 .text.usb_hub_reset_devices
                0x0000000004013918        0x4 common/built-in.o
                0x0000000004013918                usb_hub_reset_devices
 .text.usb_get_port_status
                0x000000000401391c       0x4c common/built-in.o
                0x000000000401391c                usb_get_port_status
 .text.usb_hub_reset
                0x0000000004013968       0x20 common/built-in.o
                0x0000000004013968                usb_hub_reset
 .text.legacy_hub_port_reset
                0x0000000004013988       0x9c common/built-in.o
                0x0000000004013988                legacy_hub_port_reset
 .text.usb_hub_port_connect_change
                0x0000000004013a24      0x150 common/built-in.o
                0x0000000004013a24                usb_hub_port_connect_change
 .text.usb_hub_configure
                0x0000000004013b74      0x4bc common/built-in.o
 .text.usb_hub_probe
                0x0000000004014030       0x54 common/built-in.o
                0x0000000004014030                usb_hub_probe
 .text.usb_stor_irq
                0x0000000004014084       0x1c common/built-in.o
 .text.usb_stor_BBB_reset
                0x00000000040140a0       0xd8 common/built-in.o
 .text.usb_stor_CB_reset
                0x0000000004014178       0xd0 common/built-in.o
 .text.usb_stor_BBB_clear_endpt_stall.isra.2
                0x0000000004014248       0x40 common/built-in.o
 .text.usb_stor_BBB_transport
                0x0000000004014288      0x264 common/built-in.o
 .text.usb_stor_CB_comdat
                0x00000000040144ec      0x210 common/built-in.o
 .text.usb_stor_CBI_get_status.isra.4
                0x00000000040146fc       0xcc common/built-in.o
 .text.usb_stor_CB_transport
                0x00000000040147c8      0x1fc common/built-in.o
 .text.usb_request_sense.constprop.10
                0x00000000040149c4       0x70 common/built-in.o
 .text.usb_stor_read
                0x0000000004014a34      0x170 common/built-in.o
 .text.usb_stor_write
                0x0000000004014ba4      0x170 common/built-in.o
 .text.usb_stor_info
                0x0000000004014d14       0x78 common/built-in.o
                0x0000000004014d14                usb_stor_info
 .text.usb_storage_probe
                0x0000000004014d8c      0x204 common/built-in.o
                0x0000000004014d8c                usb_storage_probe
 .text.usb_stor_get_info
                0x0000000004014f90      0x318 common/built-in.o
                0x0000000004014f90                usb_stor_get_info
 .text.usb_stor_scan
                0x00000000040152a8      0x1ec common/built-in.o
                0x00000000040152a8                usb_stor_scan
 .text.env_get_char_spec
                0x0000000004015494        0xc common/built-in.o
                0x0000000004015494                env_get_char_spec
 .text.env_get_addr
                0x00000000040154a0       0x20 common/built-in.o
                0x00000000040154a0                env_get_addr
 .text.env_get_char_memory
                0x00000000040154c0       0x10 common/built-in.o
                0x00000000040154c0                env_get_char_memory
 .text.env_get_char
                0x00000000040154d0       0x30 common/built-in.o
                0x00000000040154d0                env_get_char
 .text.getenv_yesno
                0x0000000004015500       0x3c common/built-in.o
                0x0000000004015500                getenv_yesno
 .text.getenv_default
                0x000000000401553c       0x30 common/built-in.o
                0x000000000401553c                getenv_default
 .text.set_default_env
                0x000000000401556c       0xcc common/built-in.o
                0x000000000401556c                set_default_env
 .text.set_default_vars
                0x0000000004015638       0x3c common/built-in.o
                0x0000000004015638                set_default_vars
 .text.env_import
                0x0000000004015674       0xe0 common/built-in.o
                0x0000000004015674                env_import
 .text.env_export
                0x0000000004015754       0xa4 common/built-in.o
                0x0000000004015754                env_export
 .text.env_relocate
                0x00000000040157f8       0x2c common/built-in.o
                0x00000000040157f8                env_relocate
 .text.env_complete
                0x0000000004015824       0xdc common/built-in.o
                0x0000000004015824                env_complete
 .text.console_setfile
                0x0000000004015900       0xb8 common/built-in.o
 .text.fgetc    0x00000000040159b8       0x24 common/built-in.o
                0x00000000040159b8                fgetc
 .text.getc     0x00000000040159dc       0x24 common/built-in.o
                0x00000000040159dc                getc
 .text.ftstc    0x0000000004015a00       0x24 common/built-in.o
                0x0000000004015a00                ftstc
 .text.tstc     0x0000000004015a24       0x24 common/built-in.o
                0x0000000004015a24                tstc
 .text.fputc    0x0000000004015a48       0x1c common/built-in.o
                0x0000000004015a48                fputc
 .text.putc     0x0000000004015a64       0x44 common/built-in.o
                0x0000000004015a64                putc
 .text.fputs    0x0000000004015aa8       0x1c common/built-in.o
                0x0000000004015aa8                fputs
 .text.puts     0x0000000004015ac4       0x58 common/built-in.o
                0x0000000004015ac4                puts
 .text.ctrlc    0x0000000004015b1c       0x58 common/built-in.o
                0x0000000004015b1c                ctrlc
 .text.disable_ctrlc
                0x0000000004015b74       0x18 common/built-in.o
                0x0000000004015b74                disable_ctrlc
 .text.had_ctrlc
                0x0000000004015b8c       0x10 common/built-in.o
                0x0000000004015b8c                had_ctrlc
 .text.clear_ctrlc
                0x0000000004015b9c       0x14 common/built-in.o
                0x0000000004015b9c                clear_ctrlc
 .text.search_device
                0x0000000004015bb0       0x28 common/built-in.o
                0x0000000004015bb0                search_device
 .text.console_assign
                0x0000000004015bd8       0x40 common/built-in.o
                0x0000000004015bd8                console_assign
 .text.on_console
                0x0000000004015c18       0xb8 common/built-in.o
 .text.console_init_f
                0x0000000004015cd0       0x10 common/built-in.o
                0x0000000004015cd0                console_init_f
 .text.stdio_print_current_devices
                0x0000000004015ce0       0xb0 common/built-in.o
                0x0000000004015ce0                stdio_print_current_devices
 .text.console_init_r
                0x0000000004015d90       0xdc common/built-in.o
                0x0000000004015d90                console_init_r
 .text.sbrk     0x0000000004015e6c       0x6c common/built-in.o
                0x0000000004015e6c                sbrk
 .text.mem_malloc_init
                0x0000000004015ed8       0x34 common/built-in.o
                0x0000000004015ed8                mem_malloc_init
 .text.malloc_trim
                0x0000000004015f0c       0xd0 common/built-in.o
                0x0000000004015f0c                malloc_trim
 .text.free     0x0000000004015fdc      0x240 common/built-in.o
                0x0000000004015fdc                free
 .text.malloc   0x000000000401621c      0x614 common/built-in.o
                0x000000000401621c                malloc
 .text.calloc   0x0000000004016830      0x140 common/built-in.o
                0x0000000004016830                calloc
 .text.realloc  0x0000000004016970      0x428 common/built-in.o
                0x0000000004016970                realloc
 .text.memalign
                0x0000000004016d98      0x170 common/built-in.o
                0x0000000004016d98                memalign
 .text.initf_malloc
                0x0000000004016f08       0x18 common/built-in.o
                0x0000000004016f08                initf_malloc
 .text.malloc_simple
                0x0000000004016f20       0x30 common/built-in.o
                0x0000000004016f20                malloc_simple
 .text.on_loadaddr
                0x0000000004016f50       0x40 common/built-in.o
 .text.image_check_hcrc
                0x0000000004016f90       0x4c common/built-in.o
                0x0000000004016f90                image_check_hcrc
 .text.image_check_dcrc
                0x0000000004016fdc       0x38 common/built-in.o
                0x0000000004016fdc                image_check_dcrc
 .text.image_multi_count
                0x0000000004017014       0x1c common/built-in.o
                0x0000000004017014                image_multi_count
 .text.image_multi_getimg
                0x0000000004017030       0x80 common/built-in.o
                0x0000000004017030                image_multi_getimg
 .text.getenv_bootm_low
                0x00000000040170b0       0x34 common/built-in.o
                0x00000000040170b0                getenv_bootm_low
 .text.getenv_bootm_size
                0x00000000040170e4       0x68 common/built-in.o
                0x00000000040170e4                getenv_bootm_size
 .text.getenv_bootm_mapsize
                0x000000000401714c       0x30 common/built-in.o
                0x000000000401714c                getenv_bootm_mapsize
 .text.memmove_wd
                0x000000000401717c        0xc common/built-in.o
                0x000000000401717c                memmove_wd
 .text.genimg_print_size
                0x0000000004017188       0x30 common/built-in.o
                0x0000000004017188                genimg_print_size
 .text.get_table_entry
                0x00000000040171b8       0x24 common/built-in.o
                0x00000000040171b8                get_table_entry
 .text.get_table_entry_name
                0x00000000040171dc       0x20 common/built-in.o
                0x00000000040171dc                get_table_entry_name
 .text.genimg_get_os_name
                0x00000000040171fc       0x18 common/built-in.o
                0x00000000040171fc                genimg_get_os_name
 .text.genimg_get_arch_name
                0x0000000004017214       0x18 common/built-in.o
                0x0000000004017214                genimg_get_arch_name
 .text.genimg_get_type_name
                0x000000000401722c       0x18 common/built-in.o
                0x000000000401722c                genimg_get_type_name
 .text.genimg_get_comp_name
                0x0000000004017244       0x18 common/built-in.o
                0x0000000004017244                genimg_get_comp_name
 .text.image_print_contents
                0x000000000401725c      0x17c common/built-in.o
                0x000000000401725c                image_print_contents
 .text.get_table_entry_id
                0x00000000040173d8       0x4c common/built-in.o
                0x00000000040173d8                get_table_entry_id
 .text.genimg_get_os_id
                0x0000000004017424       0x18 common/built-in.o
                0x0000000004017424                genimg_get_os_id
 .text.genimg_get_arch_id
                0x000000000401743c       0x18 common/built-in.o
                0x000000000401743c                genimg_get_arch_id
 .text.genimg_get_type_id
                0x0000000004017454       0x18 common/built-in.o
                0x0000000004017454                genimg_get_type_id
 .text.genimg_get_comp_id
                0x000000000401746c       0x18 common/built-in.o
                0x000000000401746c                genimg_get_comp_id
 .text.genimg_get_kernel_addr_fit
                0x0000000004017484       0x70 common/built-in.o
                0x0000000004017484                genimg_get_kernel_addr_fit
 .text.genimg_get_format
                0x00000000040174f4       0x34 common/built-in.o
                0x00000000040174f4                genimg_get_format
 .text.genimg_get_image
                0x0000000004017528        0x4 common/built-in.o
                0x0000000004017528                genimg_get_image
 .text.genimg_has_config
                0x000000000401752c       0x10 common/built-in.o
                0x000000000401752c                genimg_has_config
 .text.boot_get_ramdisk
                0x000000000401753c      0x334 common/built-in.o
                0x000000000401753c                boot_get_ramdisk
 .text.boot_ramdisk_high
                0x0000000004017870      0x130 common/built-in.o
                0x0000000004017870                boot_ramdisk_high
 .text.boot_get_setup
                0x00000000040179a0        0x4 common/built-in.o
                0x00000000040179a0                boot_get_setup
 .text.boot_get_fpga
                0x00000000040179a4      0x190 common/built-in.o
                0x00000000040179a4                boot_get_fpga
 .text.boot_get_loadable
                0x0000000004017b34       0xe8 common/built-in.o
                0x0000000004017b34                boot_get_loadable
 .text.image_setup_linux
                0x0000000004017c1c       0x88 common/built-in.o
                0x0000000004017c1c                image_setup_linux
 .text.fdt_error
                0x0000000004017ca4       0x2c common/built-in.o
 .text.boot_fdt_add_mem_rsv_regions
                0x0000000004017cd0       0x8c common/built-in.o
                0x0000000004017cd0                boot_fdt_add_mem_rsv_regions
 .text.boot_relocate_fdt
                0x0000000004017d5c      0x194 common/built-in.o
                0x0000000004017d5c                boot_relocate_fdt
 .text.boot_get_fdt
                0x0000000004017ef0      0x3b0 common/built-in.o
                0x0000000004017ef0                boot_get_fdt
 .text.ft_verify_fdt
                0x00000000040182a0        0x8 common/built-in.o
                0x00000000040182a0                ft_verify_fdt
 .text.image_setup_libfdt
                0x00000000040182a8      0x10c common/built-in.o
                0x00000000040182a8                image_setup_libfdt
 .text.fit_image_get_address
                0x00000000040183b4       0x64 common/built-in.o
 .text.fit_parse_conf
                0x0000000004018418       0x64 common/built-in.o
                0x0000000004018418                fit_parse_conf
 .text.fit_parse_subimage
                0x000000000401847c       0x64 common/built-in.o
                0x000000000401847c                fit_parse_subimage
 .text.fit_get_desc
                0x00000000040184e0       0x30 common/built-in.o
                0x00000000040184e0                fit_get_desc
 .text.fit_image_get_node
                0x0000000004018510       0x30 common/built-in.o
                0x0000000004018510                fit_image_get_node
 .text.fit_image_get_os
                0x0000000004018540       0x3c common/built-in.o
                0x0000000004018540                fit_image_get_os
 .text.fit_image_get_arch
                0x000000000401857c       0x3c common/built-in.o
                0x000000000401857c                fit_image_get_arch
 .text.fit_image_get_type
                0x00000000040185b8       0x3c common/built-in.o
                0x00000000040185b8                fit_image_get_type
 .text.fit_image_get_comp
                0x00000000040185f4       0x3c common/built-in.o
                0x00000000040185f4                fit_image_get_comp
 .text.fit_image_get_load
                0x0000000004018630       0x10 common/built-in.o
                0x0000000004018630                fit_image_get_load
 .text.fit_image_get_entry
                0x0000000004018640       0x10 common/built-in.o
                0x0000000004018640                fit_image_get_entry
 .text.fit_image_get_data
                0x0000000004018650       0x40 common/built-in.o
                0x0000000004018650                fit_image_get_data
 .text.fit_image_hash_get_algo
                0x0000000004018690       0x30 common/built-in.o
                0x0000000004018690                fit_image_hash_get_algo
 .text.fit_image_hash_get_value
                0x00000000040186c0       0x40 common/built-in.o
                0x00000000040186c0                fit_image_hash_get_value
 .text.fit_image_print_data
                0x0000000004018700      0x144 common/built-in.o
 .text.fit_image_print
                0x0000000004018844      0x34c common/built-in.o
                0x0000000004018844                fit_image_print
 .text.fit_get_end
                0x0000000004018b90       0x10 common/built-in.o
                0x0000000004018b90                fit_get_end
 .text.calculate_hash
                0x0000000004018ba0       0xf8 common/built-in.o
                0x0000000004018ba0                calculate_hash
 .text.fit_image_verify
                0x0000000004018c98      0x2c8 common/built-in.o
                0x0000000004018c98                fit_image_verify
 .text.fit_all_image_verify
                0x0000000004018f60       0xfc common/built-in.o
                0x0000000004018f60                fit_all_image_verify
 .text.fit_image_check_arch
                0x000000000401905c       0x44 common/built-in.o
                0x000000000401905c                fit_image_check_arch
 .text.fit_image_check_type
                0x00000000040190a0       0x30 common/built-in.o
                0x00000000040190a0                fit_image_check_type
 .text.fit_image_check_comp
                0x00000000040190d0       0x30 common/built-in.o
                0x00000000040190d0                fit_image_check_comp
 .text.fit_check_format
                0x0000000004019100       0x40 common/built-in.o
                0x0000000004019100                fit_check_format
 .text.fit_conf_get_node
                0x0000000004019140       0x6c common/built-in.o
                0x0000000004019140                fit_conf_get_node
 .text.fit_conf_get_prop_node
                0x00000000040191ac       0x2c common/built-in.o
                0x00000000040191ac                fit_conf_get_prop_node
 .text.fit_conf_print
                0x00000000040191d8      0x1b8 common/built-in.o
                0x00000000040191d8                fit_conf_print
 .text.fit_print_contents
                0x0000000004019390      0x204 common/built-in.o
                0x0000000004019390                fit_print_contents
 .text.fit_get_node_from_config
                0x0000000004019594       0x40 common/built-in.o
                0x0000000004019594                fit_get_node_from_config
 .text.fit_image_load
                0x00000000040195d4      0x51c common/built-in.o
                0x00000000040195d4                fit_image_load
 .text.boot_get_setup_fit
                0x0000000004019af0       0x74 common/built-in.o
                0x0000000004019af0                boot_get_setup_fit
 .text.rsa_sign
                0x0000000004019b64        0x8 common/built-in.o
 .text.rsa_add_verify_data
                0x0000000004019b6c        0x8 common/built-in.o
 .text.image_get_sig_algo
                0x0000000004019b74       0x4c common/built-in.o
                0x0000000004019b74                image_get_sig_algo
 .text.fit_image_setup_verify
                0x0000000004019bc0       0xbc common/built-in.o
 .text.fit_region_make_list
                0x0000000004019c7c       0x60 common/built-in.o
                0x0000000004019c7c                fit_region_make_list
 .text.fit_image_check_sig
                0x0000000004019cdc       0xb4 common/built-in.o
                0x0000000004019cdc                fit_image_check_sig
 .text.fit_image_verify_required_sigs
                0x0000000004019d90      0x208 common/built-in.o
                0x0000000004019d90                fit_image_verify_required_sigs
 .text.fit_config_check_sig
                0x0000000004019f98      0x270 common/built-in.o
                0x0000000004019f98                fit_config_check_sig
 .text.fit_config_verify_required_sigs
                0x000000000401a208      0x1c0 common/built-in.o
                0x000000000401a208                fit_config_verify_required_sigs
 .text.fit_config_verify
                0x000000000401a3c8        0x8 common/built-in.o
                0x000000000401a3c8                fit_config_verify
 .text.get_effective_memsize
                0x000000000401a3d0        0x8 common/built-in.o
                0x000000000401a3d0                get_effective_memsize
 .text.stdio_serial_tstc
                0x000000000401a3d8        0x4 common/built-in.o
 .text.stdio_serial_getc
                0x000000000401a3dc        0x4 common/built-in.o
 .text.stdio_serial_puts
                0x000000000401a3e0        0x8 common/built-in.o
 .text.stdio_serial_putc
                0x000000000401a3e8        0x8 common/built-in.o
 .text.stdio_get_list
                0x000000000401a3f0        0xc common/built-in.o
                0x000000000401a3f0                stdio_get_list
 .text.stdio_get_by_name
                0x000000000401a3fc       0x4c common/built-in.o
                0x000000000401a3fc                stdio_get_by_name
 .text.stdio_clone
                0x000000000401a448       0x38 common/built-in.o
                0x000000000401a448                stdio_clone
 .text.stdio_register_dev
                0x000000000401a480       0x50 common/built-in.o
                0x000000000401a480                stdio_register_dev
 .text.stdio_register
                0x000000000401a4d0        0x8 common/built-in.o
                0x000000000401a4d0                stdio_register
 .text.stdio_init_tables
                0x000000000401a4d8       0x1c common/built-in.o
                0x000000000401a4d8                stdio_init_tables
 .text.stdio_add_devices
                0x000000000401a4f4       0x7c common/built-in.o
                0x000000000401a4f4                stdio_add_devices
 .text.run_command
                0x000000000401a570       0x10 common/built-in.o
                0x000000000401a570                run_command
 .text.run_command_list
                0x000000000401a580       0x7c common/built-in.o
                0x000000000401a580                run_command_list
 .text.do_run   0x000000000401a5fc       0x74 common/built-in.o
                0x000000000401a5fc                do_run
 .text.cli_process_fdt
                0x000000000401a670       0x40 common/built-in.o
                0x000000000401a670                cli_process_fdt
 .text.cli_secure_boot_cmd
                0x000000000401a6b0       0x78 common/built-in.o
                0x000000000401a6b0                cli_secure_boot_cmd
 .text.cli_loop
                0x000000000401a728        0xc common/built-in.o
                0x000000000401a728                cli_loop
 .text.cli_init
                0x000000000401a734        0x4 common/built-in.o
                0x000000000401a734                cli_init
 .text.delete_char.part.0
                0x000000000401a738       0xd0 common/built-in.o
 .text.cread_add_char
                0x000000000401a808       0xe4 common/built-in.o
 .text.cli_readline_into_buffer
                0x000000000401a8ec      0x988 common/built-in.o
                0x000000000401a8ec                cli_readline_into_buffer
 .text.cli_readline
                0x000000000401b274       0x14 common/built-in.o
                0x000000000401b274                cli_readline
 .text.find_cmd_tbl
                0x000000000401b288       0xa4 common/built-in.o
                0x000000000401b288                find_cmd_tbl
 .text.find_cmd
                0x000000000401b32c       0x28 common/built-in.o
                0x000000000401b32c                find_cmd
 .text.cmd_usage
                0x000000000401b354       0x5c common/built-in.o
                0x000000000401b354                cmd_usage
 .text._do_help
                0x000000000401b3b0      0x184 common/built-in.o
                0x000000000401b3b0                _do_help
 .text.var_complete
                0x000000000401b534       0x88 common/built-in.o
                0x000000000401b534                var_complete
 .text.cmd_auto_complete
                0x000000000401b5bc      0x4c0 common/built-in.o
                0x000000000401b5bc                cmd_auto_complete
 .text.cmd_get_data_size
                0x000000000401ba7c       0x50 common/built-in.o
                0x000000000401ba7c                cmd_get_data_size
 .text.cmd_process
                0x000000000401bacc       0xec common/built-in.o
                0x000000000401bacc                cmd_process
 .text.cmd_process_error
                0x000000000401bbb8       0x30 common/built-in.o
                0x000000000401bbb8                cmd_process_error
 .text.hex1_bin
                0x000000000401bbe8       0x40 common/built-in.o
 .text.hex2_bin
                0x000000000401bc28       0x38 common/built-in.o
 .text.srec_decode
                0x000000000401bc60      0x244 common/built-in.o
                0x000000000401bc60                srec_decode
 .text.CYGACC_COMM_IF_GETC_TIMEOUT.isra.0
                0x000000000401bea4       0x5c common/built-in.o
 .text.xyzModem_flush
                0x000000000401bf00       0x1c common/built-in.o
 .text.xyzModem_get_hdr
                0x000000000401bf1c      0x21c common/built-in.o
 .text.xyzModem_stream_open
                0x000000000401c138      0x214 common/built-in.o
                0x000000000401c138                xyzModem_stream_open
 .text.xyzModem_stream_read
                0x000000000401c34c      0x25c common/built-in.o
                0x000000000401c34c                xyzModem_stream_read
 .text.xyzModem_stream_close
                0x000000000401c5a8       0x54 common/built-in.o
                0x000000000401c5a8                xyzModem_stream_close
 .text.xyzModem_stream_terminate
                0x000000000401c5fc       0x94 common/built-in.o
                0x000000000401c5fc                xyzModem_stream_terminate
 .text.xyzModem_error
                0x000000000401c690       0x1c common/built-in.o
                0x000000000401c690                xyzModem_error
 .text.blk_get_dev
                0x000000000401c6ac       0x30 disk/built-in.o
                0x000000000401c6ac                blk_get_dev
 .text.dev_print
                0x000000000401c6dc      0x228 disk/built-in.o
                0x000000000401c6dc                dev_print
 .text.part_init
                0x000000000401c904       0x50 disk/built-in.o
                0x000000000401c904                part_init
 .text.part_print
                0x000000000401c954      0x128 disk/built-in.o
                0x000000000401c954                part_print
 .text.part_get_info
                0x000000000401ca7c       0x64 disk/built-in.o
                0x000000000401ca7c                part_get_info
 .text.blk_get_device_by_str
                0x000000000401cae0      0x14c disk/built-in.o
                0x000000000401cae0                blk_get_device_by_str
 .text.blk_get_device_part_str
                0x000000000401cc2c      0x3ec disk/built-in.o
                0x000000000401cc2c                blk_get_device_part_str
 .text.test_block_type
                0x000000000401d018       0x84 disk/built-in.o
 .text.print_partition_extended
                0x000000000401d09c      0x274 disk/built-in.o
 .text.part_print_dos
                0x000000000401d310       0x34 disk/built-in.o
                0x000000000401d310                part_print_dos
 .text.part_test_dos
                0x000000000401d344       0x60 disk/built-in.o
 .text.part_get_info_extended.constprop.1
                0x000000000401d3a4      0x2e4 disk/built-in.o
 .text.part_get_info_dos
                0x000000000401d688       0x20 disk/built-in.o
                0x000000000401d688                part_get_info_dos
 .text.device_bind_common
                0x000000000401d6a8      0x348 drivers/built-in.o
 .text.alloc_priv
                0x000000000401d9f0       0x44 drivers/built-in.o
 .text.device_bind_with_driver_data
                0x000000000401da34       0x24 drivers/built-in.o
                0x000000000401da34                device_bind_with_driver_data
 .text.device_bind
                0x000000000401da58       0x28 drivers/built-in.o
                0x000000000401da58                device_bind
 .text.device_bind_by_name
                0x000000000401da80       0x60 drivers/built-in.o
                0x000000000401da80                device_bind_by_name
 .text.device_probe
                0x000000000401dae0      0x21c drivers/built-in.o
                0x000000000401dae0                device_probe
 .text.dev_get_platdata
                0x000000000401dcfc       0x30 drivers/built-in.o
                0x000000000401dcfc                dev_get_platdata
 .text.dev_get_parent_platdata
                0x000000000401dd2c       0x30 drivers/built-in.o
                0x000000000401dd2c                dev_get_parent_platdata
 .text.dev_get_uclass_platdata
                0x000000000401dd5c       0x30 drivers/built-in.o
                0x000000000401dd5c                dev_get_uclass_platdata
 .text.dev_get_priv
                0x000000000401dd8c       0x30 drivers/built-in.o
                0x000000000401dd8c                dev_get_priv
 .text.dev_get_uclass_priv
                0x000000000401ddbc       0x30 drivers/built-in.o
                0x000000000401ddbc                dev_get_uclass_priv
 .text.dev_get_parent_priv
                0x000000000401ddec       0x30 drivers/built-in.o
                0x000000000401ddec                dev_get_parent_priv
 .text.device_find_first_child
                0x000000000401de1c       0x1c drivers/built-in.o
                0x000000000401de1c                device_find_first_child
 .text.device_find_next_child
                0x000000000401de38       0x28 drivers/built-in.o
                0x000000000401de38                device_find_next_child
 .text.dev_get_addr_index
                0x000000000401de60       0xa8 drivers/built-in.o
                0x000000000401de60                dev_get_addr_index
 .text.dev_get_addr
                0x000000000401df08        0x8 drivers/built-in.o
                0x000000000401df08                dev_get_addr
 .text.lists_driver_lookup_name
                0x000000000401df10       0x48 drivers/built-in.o
                0x000000000401df10                lists_driver_lookup_name
 .text.lists_uclass_lookup
                0x000000000401df58       0x38 drivers/built-in.o
                0x000000000401df58                lists_uclass_lookup
 .text.lists_bind_drivers
                0x000000000401df90       0x8c drivers/built-in.o
                0x000000000401df90                lists_bind_drivers
 .text.device_bind_driver_to_node
                0x000000000401e01c       0x48 drivers/built-in.o
                0x000000000401e01c                device_bind_driver_to_node
 .text.device_bind_driver
                0x000000000401e064       0x18 drivers/built-in.o
                0x000000000401e064                device_bind_driver
 .text.lists_bind_fdt
                0x000000000401e07c      0x1b8 drivers/built-in.o
                0x000000000401e07c                lists_bind_fdt
 .text.dm_root  0x000000000401e234       0x2c drivers/built-in.o
                0x000000000401e234                dm_root
 .text.dm_get_translation_offset
                0x000000000401e260       0x14 drivers/built-in.o
                0x000000000401e260                dm_get_translation_offset
 .text.dm_init  0x000000000401e274       0x60 drivers/built-in.o
                0x000000000401e274                dm_init
 .text.dm_scan_platdata
                0x000000000401e2d4       0x2c drivers/built-in.o
                0x000000000401e2d4                dm_scan_platdata
 .text.dm_scan_fdt_node
                0x000000000401e300       0xcc drivers/built-in.o
                0x000000000401e300                dm_scan_fdt_node
 .text.dm_scan_fdt
                0x000000000401e3cc       0x18 drivers/built-in.o
                0x000000000401e3cc                dm_scan_fdt
 .text.dm_scan_other
                0x000000000401e3e4        0x8 drivers/built-in.o
                0x000000000401e3e4                dm_scan_other
 .text.dm_init_and_scan
                0x000000000401e3ec       0x44 drivers/built-in.o
                0x000000000401e3ec                dm_init_and_scan
 .text.uclass_find
                0x000000000401e430       0x4c drivers/built-in.o
                0x000000000401e430                uclass_find
 .text.uclass_get
                0x000000000401e47c      0x118 drivers/built-in.o
                0x000000000401e47c                uclass_get
 .text.uclass_find_device
                0x000000000401e594       0x74 drivers/built-in.o
                0x000000000401e594                uclass_find_device
 .text.uclass_find_first_device
                0x000000000401e608       0x3c drivers/built-in.o
                0x000000000401e608                uclass_find_first_device
 .text.uclass_find_next_device
                0x000000000401e644       0x2c drivers/built-in.o
                0x000000000401e644                uclass_find_next_device
 .text.uclass_find_device_by_seq
                0x000000000401e670       0x7c drivers/built-in.o
                0x000000000401e670                uclass_find_device_by_seq
 .text.uclass_find_device_by_of_offset
                0x000000000401e6ec       0x68 drivers/built-in.o
                0x000000000401e6ec                uclass_find_device_by_of_offset
 .text.uclass_get_device_tail
                0x000000000401e754       0x30 drivers/built-in.o
                0x000000000401e754                uclass_get_device_tail
 .text.uclass_get_device
                0x000000000401e784       0x30 drivers/built-in.o
                0x000000000401e784                uclass_get_device
 .text.uclass_get_device_by_seq
                0x000000000401e7b4       0x54 drivers/built-in.o
                0x000000000401e7b4                uclass_get_device_by_seq
 .text.uclass_get_device_by_of_offset
                0x000000000401e808       0x30 drivers/built-in.o
                0x000000000401e808                uclass_get_device_by_of_offset
 .text.uclass_first_device
                0x000000000401e838       0x38 drivers/built-in.o
                0x000000000401e838                uclass_first_device
 .text.uclass_next_device
                0x000000000401e870       0x40 drivers/built-in.o
                0x000000000401e870                uclass_next_device
 .text.uclass_bind_device
                0x000000000401e8b0       0x7c drivers/built-in.o
                0x000000000401e8b0                uclass_bind_device
 .text.uclass_unbind_device
                0x000000000401e92c       0x4c drivers/built-in.o
                0x000000000401e92c                uclass_unbind_device
 .text.uclass_resolve_seq
                0x000000000401e978       0xb4 drivers/built-in.o
                0x000000000401e978                uclass_resolve_seq
 .text.uclass_pre_probe_device
                0x000000000401ea2c       0x60 drivers/built-in.o
                0x000000000401ea2c                uclass_pre_probe_device
 .text.uclass_post_probe_device
                0x000000000401ea8c       0x20 drivers/built-in.o
                0x000000000401ea8c                uclass_post_probe_device
 .text.uclass_pre_remove_device
                0x000000000401eaac       0x20 drivers/built-in.o
                0x000000000401eaac                uclass_pre_remove_device
 .text.dm_warn  0x000000000401eacc       0x28 drivers/built-in.o
                0x000000000401eacc                dm_warn
 .text.device_unbind
                0x000000000401eaf4      0x144 drivers/built-in.o
                0x000000000401eaf4                device_unbind
 .text.device_free
                0x000000000401ec38       0x90 drivers/built-in.o
                0x000000000401ec38                device_free
 .text.device_remove
                0x000000000401ecc8      0x128 drivers/built-in.o
                0x000000000401ecc8                device_remove
 .text.simple_bus_post_bind
                0x000000000401edf0       0x70 drivers/built-in.o
 .text.show_devices
                0x000000000401ee60      0x100 drivers/built-in.o
 .text.dm_dump_all
                0x000000000401ef60       0x3c drivers/built-in.o
                0x000000000401ef60                dm_dump_all
 .text.dm_dump_uclass
                0x000000000401ef9c       0xec drivers/built-in.o
                0x000000000401ef9c                dm_dump_uclass
 .text.get_desc
                0x000000000401f088       0x6c drivers/built-in.o
 .text.blk_driver_lookup_type
                0x000000000401f0f4       0x38 drivers/built-in.o
                0x000000000401f0f4                blk_driver_lookup_type
 .text.blk_get_devnum_by_type
                0x000000000401f12c       0x3c drivers/built-in.o
                0x000000000401f12c                blk_get_devnum_by_type
 .text.blk_dselect_hwpart
                0x000000000401f168       0x48 drivers/built-in.o
                0x000000000401f168                blk_dselect_hwpart
 .text.blk_get_devnum_by_typename
                0x000000000401f1b0       0x68 drivers/built-in.o
                0x000000000401f1b0                blk_get_devnum_by_typename
 .text.blk_select_hwpart_devnum
                0x000000000401f218       0x48 drivers/built-in.o
                0x000000000401f218                blk_select_hwpart_devnum
 .text.rsa_mod_exp
                0x000000000401f260       0x2c drivers/built-in.o
                0x000000000401f260                rsa_mod_exp
 .text.mod_exp_sw
                0x000000000401f28c       0x14 drivers/built-in.o
                0x000000000401f28c                mod_exp_sw
 .text.fpga_no_sup
                0x000000000401f2a0       0x14 drivers/built-in.o
 .text.fpga_get_desc
                0x000000000401f2b4       0x34 drivers/built-in.o
                0x000000000401f2b4                fpga_get_desc
 .text.fpga_dev_info
                0x000000000401f2e8       0x9c drivers/built-in.o
 .text.fpga_validate
                0x000000000401f384       0x54 drivers/built-in.o
                0x000000000401f384                fpga_validate
 .text.fpga_init
                0x000000000401f3d8       0x20 drivers/built-in.o
                0x000000000401f3d8                fpga_init
 .text.fpga_count
                0x000000000401f3f8       0x10 drivers/built-in.o
                0x000000000401f3f8                fpga_count
 .text.fpga_add
                0x000000000401f408       0xac drivers/built-in.o
                0x000000000401f408                fpga_add
 .text.fpga_loadbitstream
                0x000000000401f4b4      0x284 drivers/built-in.o
                0x000000000401f4cc                fpga_loadbitstream
 .text.fpga_fsload
                0x000000000401f738       0x60 drivers/built-in.o
                0x000000000401f738                fpga_fsload
 .text.fpga_load
                0x000000000401f798       0x90 drivers/built-in.o
                0x000000000401f798                fpga_load
 .text.fpga_dump
                0x000000000401f828       0x88 drivers/built-in.o
                0x000000000401f828                fpga_dump
 .text.fpga_info
                0x000000000401f8b0       0x6c drivers/built-in.o
                0x000000000401f8b0                fpga_info
 .text.zynq_info
                0x000000000401f91c        0x8 drivers/built-in.o
 .text.zynq_dump
                0x000000000401f924        0x8 drivers/built-in.o
 .text.load_word
                0x000000000401f92c       0x48 drivers/built-in.o
 .text.zynq_align_dma_buffer
                0x000000000401f974       0xc0 drivers/built-in.o
 .text.zynq_dma_transfer.constprop.4
                0x000000000401fa34       0x90 drivers/built-in.o
 .text.zynq_validate_bitstream.isra.3
                0x000000000401fac4      0x244 drivers/built-in.o
 .text.zynq_loadfs
                0x000000000401fd08      0x1fc drivers/built-in.o
 .text.zynq_load
                0x000000000401ff04       0xdc drivers/built-in.o
 .text.xilinx_validate
                0x000000000401ffe0       0x78 drivers/built-in.o
 .text.xilinx_load